Archive member included because of file (symbol)

.\CortexM0\ARM_GCC_484\Debug\BLE Lab 3.a(cyfitter_cfg.o)
                              .\CortexM0\ARM_GCC_484\Debug\Cm0Start.o (cyfitter_cfg)
.\CortexM0\ARM_GCC_484\Debug\BLE Lab 3.a(Led_Advertising_Green.o)
                              .\CortexM0\ARM_GCC_484\Debug\main.o (Led_Advertising_Green_Write)
.\CortexM0\ARM_GCC_484\Debug\BLE Lab 3.a(Led_Connected_Blue.o)
                              .\CortexM0\ARM_GCC_484\Debug\main.o (Led_Connected_Blue_Write)
.\CortexM0\ARM_GCC_484\Debug\BLE Lab 3.a(Opamp.o)
                              .\CortexM0\ARM_GCC_484\Debug\main.o (Opamp_Start)
.\CortexM0\ARM_GCC_484\Debug\BLE Lab 3.a(ADC.o)
                              .\CortexM0\ARM_GCC_484\Debug\main.o (ADC_Start)
.\CortexM0\ARM_GCC_484\Debug\BLE Lab 3.a(ADC_PM.o)
                              .\CortexM0\ARM_GCC_484\Debug\main.o (ADC_Sleep)
.\CortexM0\ARM_GCC_484\Debug\BLE Lab 3.a(ADC_INT.o)
                              .\CortexM0\ARM_GCC_484\Debug\BLE Lab 3.a(ADC.o) (ADC_ISR)
.\CortexM0\ARM_GCC_484\Debug\BLE Lab 3.a(CyBootAsmGnu.o)
                              .\CortexM0\ARM_GCC_484\Debug\BLE Lab 3.a(cyfitter_cfg.o) (CyDelayCycles)
.\CortexM0\ARM_GCC_484\Debug\BLE Lab 3.a(CyLib.o)
                              .\CortexM0\ARM_GCC_484\Debug\BLE Lab 3.a(cyfitter_cfg.o) (CyDelayUs)
.\CortexM0\ARM_GCC_484\Debug\BLE Lab 3.a(cyPm.o)
                              .\CortexM0\ARM_GCC_484\Debug\main.o (CySysPmSleep)
.\CortexM0\ARM_GCC_484\Debug\BLE Lab 3.a(BLE_hrs.o)
                              .\CortexM0\ARM_GCC_484\Debug\main.o (CyBle_HrsRegisterAttrCallback)
.\CortexM0\ARM_GCC_484\Debug\BLE Lab 3.a(BLE.o)
                              .\CortexM0\ARM_GCC_484\Debug\BLE Lab 3.a(BLE_hrs.o) (CyBle_ApplCallback)
.\CortexM0\ARM_GCC_484\Debug\BLE Lab 3.a(BLE_gatt.o)
                              .\CortexM0\ARM_GCC_484\Debug\main.o (cyBle_state)
.\CortexM0\ARM_GCC_484\Debug\BLE Lab 3.a(BLE_eventHandler.o)
                              .\CortexM0\ARM_GCC_484\Debug\main.o (cyBle_connHandle)
.\CortexM0\ARM_GCC_484\Debug\BLE Lab 3.a(BLE_dis.o)
                              .\CortexM0\ARM_GCC_484\Debug\BLE Lab 3.a(BLE.o) (CyBle_DisInit)
.\CortexM0\ARM_GCC_484\Debug\BLE Lab 3.a(PWM.o)
                              .\CortexM0\ARM_GCC_484\Debug\main.o (PWM_Start)
C:\Program Files (x86)\Cypress\PSoC Creator\3.1\PSoC Creator\psoc\content\cycomponentlibrary\CyComponentLibrary.cylib\BLE_v1_20\Library\gccCyBLEStack_BLE_SOC_PERIPHERAL.a(CyBle.o)
                              .\CortexM0\ARM_GCC_484\Debug\main.o (CyBle_ProcessEvents)
C:\Program Files (x86)\Cypress\PSoC Creator\3.1\PSoC Creator\psoc\content\cycomponentlibrary\CyComponentLibrary.cylib\BLE_v1_20\Library\gccCyBLEStack_BLE_SOC_PERIPHERAL.a(CyBleStackMgrIP_Interface.o)
                              C:\Program Files (x86)\Cypress\PSoC Creator\3.1\PSoC Creator\psoc\content\cycomponentlibrary\CyComponentLibrary.cylib\BLE_v1_20\Library\gccCyBLEStack_BLE_SOC_PERIPHERAL.a(CyBle.o) (CyBleStackMgr_BleGetConfigData)
C:\Program Files (x86)\Cypress\PSoC Creator\3.1\PSoC Creator\psoc\content\cycomponentlibrary\CyComponentLibrary.cylib\BLE_v1_20\Library\gccCyBLEStack_BLE_SOC_PERIPHERAL.a(BT_os.o)
                              C:\Program Files (x86)\Cypress\PSoC Creator\3.1\PSoC Creator\psoc\content\cycomponentlibrary\CyComponentLibrary.cylib\BLE_v1_20\Library\gccCyBLEStack_BLE_SOC_PERIPHERAL.a(CyBleStackMgrIP_Interface.o) (bt_stack_init_os)
C:\Program Files (x86)\Cypress\PSoC Creator\3.1\PSoC Creator\psoc\content\cycomponentlibrary\CyComponentLibrary.cylib\BLE_v1_20\Library\gccCyBLEStack_BLE_SOC_PERIPHERAL.a(CyBleStackMgr_StackTaskHandler.o)
                              C:\Program Files (x86)\Cypress\PSoC Creator\3.1\PSoC Creator\psoc\content\cycomponentlibrary\CyComponentLibrary.cylib\BLE_v1_20\Library\gccCyBLEStack_BLE_SOC_PERIPHERAL.a(CyBleStackMgrIP_Interface.o) (CyBle_CreateBleStackTask)
C:\Program Files (x86)\Cypress\PSoC Creator\3.1\PSoC Creator\psoc\content\cycomponentlibrary\CyComponentLibrary.cylib\BLE_v1_20\Library\gccCyBLEStack_BLE_SOC_PERIPHERAL.a(transport_sf.o)
                              C:\Program Files (x86)\Cypress\PSoC Creator\3.1\PSoC Creator\psoc\content\cycomponentlibrary\CyComponentLibrary.cylib\BLE_v1_20\Library\gccCyBLEStack_BLE_SOC_PERIPHERAL.a(CyBleStackMgr_StackTaskHandler.o) (hci_soft_transport_notify_data_received)
C:\Program Files (x86)\Cypress\PSoC Creator\3.1\PSoC Creator\psoc\content\cycomponentlibrary\CyComponentLibrary.cylib\BLE_v1_20\Library\gccCyBLEStack_BLE_SOC_PERIPHERAL.a(CyBleStackMgr_PSoCHal.o)
                              C:\Program Files (x86)\Cypress\PSoC Creator\3.1\PSoC Creator\psoc\content\cycomponentlibrary\CyComponentLibrary.cylib\BLE_v1_20\Library\gccCyBLEStack_BLE_SOC_PERIPHERAL.a(CyBleStackMgrIP_Interface.o) (CyBleStackMgr_HalInit)
[...]
Memory Configuration

Name             Origin             Length             Attributes
rom              0x00000000         0x00020000         xr
ram              0x20000000         0x00004000         xrw
*default*        0x00000000         0xffffffff

Linker script and memory map

LOAD c:/program files (x86)/cypress/psoc creator/3.1/psoc creator/import/gnu_cs/arm/4.8.4/bin/../lib/gcc/arm-none-eabi/4.8.4/armv6-m/crti.o
LOAD c:/program files (x86)/cypress/psoc creator/3.1/psoc creator/import/gnu_cs/arm/4.8.4/bin/../lib/gcc/arm-none-eabi/4.8.4/armv6-m/crtbegin.o
LOAD c:/program files (x86)/cypress/psoc creator/3.1/psoc creator/import/gnu_cs/arm/4.8.4/bin/../lib/gcc/arm-none-eabi/4.8.4/../../../../arm-none-eabi/lib/armv6-m/crt0.o
START GROUP
LOAD .\CortexM0\ARM_GCC_484\Debug\main.o
LOAD .\CortexM0\ARM_GCC_484\Debug\HeartRateProcessing.o
LOAD .\CortexM0\ARM_GCC_484\Debug\BleProcessing.o
LOAD .\CortexM0\ARM_GCC_484\Debug\WatchdogTimer.o
LOAD .\CortexM0\ARM_GCC_484\Debug\cymetadata.o
LOAD .\CortexM0\ARM_GCC_484\Debug\Cm0Start.o
LOAD .\CortexM0\ARM_GCC_484\Debug\BLE Lab 3.a
LOAD C:\Program Files (x86)\Cypress\PSoC Creator\3.1\PSoC Creator\psoc\content\cycomponentlibrary\CyComponentLibrary.cylib\BLE_v1_20\Library\gccCyBLEStack_BLE_SOC_PERIPHERAL.a
LOAD C:\Program Files (x86)\Cypress\PSoC Creator\3.1\PSoC Creator\psoc\content\cycomponentlibrary\CyComponentLibrary.cylib\CortexM0\ARM_GCC_484\Debug\CyComponentLibrary.a
END GROUP
START GROUP
LOAD c:/program files (x86)/cypress/psoc creator/3.1/psoc creator/import/gnu_cs/arm/4.8.4/bin/../lib/gcc/arm-none-eabi/4.8.4/armv6-m\libgcc.a
LOAD c:/program files (x86)/cypress/psoc creator/3.1/psoc creator/import/gnu_cs/arm/4.8.4/bin/../lib/gcc/arm-none-eabi/4.8.4/../../../../arm-none-eabi/lib/armv6-m\libg_s.a
LOAD c:/program files (x86)/cypress/psoc creator/3.1/psoc creator/import/gnu_cs/arm/4.8.4/bin/../lib/gcc/arm-none-eabi/4.8.4/../../../../arm-none-eabi/lib/armv6-m\libc_s.a
END GROUP
START GROUP
LOAD c:/program files (x86)/cypress/psoc creator/3.1/psoc creator/import/gnu_cs/arm/4.8.4/bin/../lib/gcc/arm-none-eabi/4.8.4/armv6-m\libgcc.a
LOAD c:/program files (x86)/cypress/psoc creator/3.1/psoc creator/import/gnu_cs/arm/4.8.4/bin/../lib/gcc/arm-none-eabi/4.8.4/../../../../arm-none-eabi/lib/armv6-m\libc_s.a
END GROUP
LOAD c:/program files (x86)/cypress/psoc creator/3.1/psoc creator/import/gnu_cs/arm/4.8.4/bin/../lib/gcc/arm-none-eabi/4.8.4/armv6-m/crtend.o
LOAD c:/program files (x86)/cypress/psoc creator/3.1/psoc creator/import/gnu_cs/arm/4.8.4/bin/../lib/gcc/arm-none-eabi/4.8.4/armv6-m/crtn.o
START GROUP
LOAD c:/program files (x86)/cypress/psoc creator/3.1/psoc creator/import/gnu_cs/arm/4.8.4/bin/../lib/gcc/arm-none-eabi/4.8.4/armv6-m\libgcc.a
LOAD c:/program files (x86)/cypress/psoc creator/3.1/psoc creator/import/gnu_cs/arm/4.8.4/bin/../lib/gcc/arm-none-eabi/4.8.4/../../../../arm-none-eabi/lib/armv6-m\libc.a
LOAD c:/program files (x86)/cypress/psoc creator/3.1/psoc creator/import/gnu_cs/arm/4.8.4/bin/../lib/gcc/arm-none-eabi/4.8.4/../../../../arm-none-eabi/lib/armv6-m\libnosys.a
END GROUP
                0x00000000                CY_APPL_ORIGIN = 0x0
                0x00000080                CY_FLASH_ROW_SIZE = 0x80
                0x00000001                CY_APPL_NUM = 0x1
                0x00000040                CY_METADATA_SIZE = 0x40
                0x20002520                PROVIDE (__cy_heap_start, _end)
                0x00000001                PROVIDE (__cy_region_num, ((__cy_regions_end - __cy_regions) / 0x10))
                0x20004000                PROVIDE (__cy_stack, (ORIGIN (ram) + 0x4000))
                0x20003c00                PROVIDE (__cy_heap_end, (__cy_stack - 0x400))

.cybootloader   0x00000000        0x0
 *(.cybootloader)
                0x00000000                appl1_start = CY_APPL_ORIGIN?CY_APPL_ORIGIN:ALIGN (CY_FLASH_ROW_SIZE)
                0x0000ff80                appl2_start = (appl1_start + ALIGN ((((0x20000 - appl1_start) - (0x2 * CY_FLASH_ROW_SIZE)) / 0x2), CY_FLASH_ROW_SIZE))
                0x00000000                appl_start = (CY_APPL_NUM == 0x1)?appl1_start:appl2_start

.text           0x00000000     0x22e4
 CREATE_OBJECT_SYMBOLS
                0x00000000                PROVIDE (__cy_interrupt_vector, RomVectors)
 *(.romvectors)
 .romvectors    0x00000000       0x10 .\CortexM0\ARM_GCC_484\Debug\Cm0Start.o
                0x00000000                RomVectors
                0x00000001                ASSERT ((. != __cy_interrupt_vector), No interrupt vector)
                0x00000001                ASSERT (CY_APPL_ORIGIN?(SIZEOF (.cybootloader) <= CY_APPL_ORIGIN):0x1, Wrong image location)
                0x00000010                PROVIDE (__cy_reset, Reset)
 *(.text.Reset)
 .text.Reset    0x00000010        0x8 .\CortexM0\ARM_GCC_484\Debug\Cm0Start.o
                0x00000010                Reset
                0x00000001                ASSERT ((. != __cy_reset), No reset code)
 *(.psocinit)
 .psocinit      0x00000018      0x314 .\CortexM0\ARM_GCC_484\Debug\BLE Lab 3.a(cyfitter_cfg.o)
                0x000001b4                cyfitter_cfg
                0x0000032c                . = MAX (., 0x100)
 *(.text .text.* .gnu.linkonce.t.*)
 .text          0x0000032c       0x60 c:/program files (x86)/cypress/psoc creator/3.1/psoc creator/import/gnu_cs/arm/4.8.4/bin/../lib/gcc/arm-none-eabi/4.8.4/armv6-m/crtbegin.o
 .text.InitializeSystem
                0x0000038c       0x40 .\CortexM0\ARM_GCC_484\Debug\main.o
 .text.main     0x000003cc       0xc4 .\CortexM0\ARM_GCC_484\Debug\main.o
                0x000003cc                main
 .text.ProcessHeartRateSignal
                0x00000490       0xb0 .\CortexM0\ARM_GCC_484\Debug\HeartRateProcessing.o
                0x00000490                ProcessHeartRateSignal
 .text.SendHeartRateOverBLE
                0x00000540       0x58 .\CortexM0\ARM_GCC_484\Debug\BleProcessing.o
                0x00000540                SendHeartRateOverBLE
 .text.HrsEventHandler
                0x00000598       0x38 .\CortexM0\ARM_GCC_484\Debug\BleProcessing.o
                0x00000598                HrsEventHandler
 .text.GeneralEventHandler
                0x000005d0       0xac .\CortexM0\ARM_GCC_484\Debug\BleProcessing.o
                0x000005d0                GeneralEventHandler
 .text.WatchdogTimer_Isr
                0x0000067c       0x20 .\CortexM0\ARM_GCC_484\Debug\WatchdogTimer.o
                0x0000067c                WatchdogTimer_Isr
 .text.WatchdogTimer_Start
                0x0000069c       0x48 .\CortexM0\ARM_GCC_484\Debug\WatchdogTimer.o
                0x0000069c                WatchdogTimer_Start
 .text.WatchdogTimer_GetTimestamp
                0x000006e4       0x14 .\CortexM0\ARM_GCC_484\Debug\WatchdogTimer.o
                0x000006e4                WatchdogTimer_GetTimestamp
 .text.IntDefaultHandler
                0x000006f8        0x8 .\CortexM0\ARM_GCC_484\Debug\Cm0Start.o
                0x000006f8                IntDefaultHandler
 .text.Start_c  0x00000700       0x98 .\CortexM0\ARM_GCC_484\Debug\Cm0Start.o
                0x00000700                Start_c
 .text.initialize_psoc
                0x00000798       0x70 .\CortexM0\ARM_GCC_484\Debug\Cm0Start.o
                0x00000798                initialize_psoc
 .text.CYMEMZERO
                0x00000808       0x20 .\CortexM0\ARM_GCC_484\Debug\BLE Lab 3.a(cyfitter_cfg.o)
 .text.cfg_write_bytes32
                0x00000828       0x80 .\CortexM0\ARM_GCC_484\Debug\BLE Lab 3.a(cyfitter_cfg.o)
 .text.AnalogSetDefault
                0x000008a8       0x64 .\CortexM0\ARM_GCC_484\Debug\BLE Lab 3.a(cyfitter_cfg.o)
 .text.SetAnalogRoutingPumps
                0x0000090c       0x40 .\CortexM0\ARM_GCC_484\Debug\BLE Lab 3.a(cyfitter_cfg.o)
                0x0000090c                SetAnalogRoutingPumps
 .text.Led_Advertising_Green_Write
                0x0000094c       0x4c .\CortexM0\ARM_GCC_484\Debug\BLE Lab 3.a(Led_Advertising_Green.o)
                0x0000094c                Led_Advertising_Green_Write
 .text.Led_Connected_Blue_Write
                0x00000998       0x48 .\CortexM0\ARM_GCC_484\Debug\BLE Lab 3.a(Led_Connected_Blue.o)
                0x00000998                Led_Connected_Blue_Write
 .text.Opamp_Init
                0x000009e0       0x34 .\CortexM0\ARM_GCC_484\Debug\BLE Lab 3.a(Opamp.o)
                0x000009e0                Opamp_Init
 .text.Opamp_Enable
                0x00000a14       0x24 .\CortexM0\ARM_GCC_484\Debug\BLE Lab 3.a(Opamp.o)
                0x00000a14                Opamp_Enable
 .text.Opamp_Start
                0x00000a38       0x24 .\CortexM0\ARM_GCC_484\Debug\BLE Lab 3.a(Opamp.o)
                0x00000a38                Opamp_Start
 .text.ADC_Start
                0x00000a5c       0x24 .\CortexM0\ARM_GCC_484\Debug\BLE Lab 3.a(ADC.o)
                0x00000a5c                ADC_Start
 .text.ADC_Init
                0x00000a80      0x1c4 .\CortexM0\ARM_GCC_484\Debug\BLE Lab 3.a(ADC.o)
                0x00000a80                ADC_Init
 .text.ADC_Enable
                0x00000c44       0x38 .\CortexM0\ARM_GCC_484\Debug\BLE Lab 3.a(ADC.o)
                0x00000c44                ADC_Enable
 .text.ADC_Stop
                0x00000c7c       0x18 .\CortexM0\ARM_GCC_484\Debug\BLE Lab 3.a(ADC.o)
                0x00000c7c                ADC_Stop
 .text.ADC_StartConvert
                0x00000c94       0x14 .\CortexM0\ARM_GCC_484\Debug\BLE Lab 3.a(ADC.o)
                0x00000c94                ADC_StartConvert
 .text.ADC_StopConvert
                0x00000ca8        0x8 .\CortexM0\ARM_GCC_484\Debug\BLE Lab 3.a(ADC.o)
                0x00000ca8                ADC_StopConvert
 .text.ADC_IsEndConversion
                0x00000cb0       0x48 .\CortexM0\ARM_GCC_484\Debug\BLE Lab 3.a(ADC.o)
                0x00000cb0                ADC_IsEndConversion
 .text.ADC_GetResult16
                0x00000cf8       0x44 .\CortexM0\ARM_GCC_484\Debug\BLE Lab 3.a(ADC.o)
                0x00000cf8                ADC_GetResult16
 .text.ADC_Sleep
                0x00000d3c       0x84 .\CortexM0\ARM_GCC_484\Debug\BLE Lab 3.a(ADC_PM.o)
                0x00000d3c                ADC_Sleep
 .text.ADC_Wakeup
                0x00000dc0       0x58 .\CortexM0\ARM_GCC_484\Debug\BLE Lab 3.a(ADC_PM.o)
                0x00000dc0                ADC_Wakeup
 .text.ADC_ISR  0x00000e18       0x1c .\CortexM0\ARM_GCC_484\Debug\BLE Lab 3.a(ADC_INT.o)
                0x00000e18                ADC_ISR
 *fill*         0x00000e34        0x4 
 .text          0x00000e38       0x20 .\CortexM0\ARM_GCC_484\Debug\BLE Lab 3.a(CyBootAsmGnu.o)
                0x00000e38                CyDelayCycles
                0x00000e4a                CyEnterCriticalSection
                0x00000e52                CyExitCriticalSection
 .text.CySysClkWcoSetHighPowerMode
                0x00000e58       0x3c .\CortexM0\ARM_GCC_484\Debug\BLE Lab 3.a(CyLib.o)
 .text.CySysClkWcoSetLowPowerMode
                0x00000e94       0x48 .\CortexM0\ARM_GCC_484\Debug\BLE Lab 3.a(CyLib.o)
 .text.CySysClkEcoStart
                0x00000edc       0x74 .\CortexM0\ARM_GCC_484\Debug\BLE Lab 3.a(CyLib.o)
                0x00000edc                CySysClkEcoStart
 .text.CySysClkEcoReadStatus
                0x00000f50       0x18 .\CortexM0\ARM_GCC_484\Debug\BLE Lab 3.a(CyLib.o)
                0x00000f50                CySysClkEcoReadStatus
 .text.CySysClkWcoStart
                0x00000f68       0x20 .\CortexM0\ARM_GCC_484\Debug\BLE Lab 3.a(CyLib.o)
                0x00000f68                CySysClkWcoStart
 .text.CySysClkWcoSetPowerMode
                0x00000f88       0x40 .\CortexM0\ARM_GCC_484\Debug\BLE Lab 3.a(CyLib.o)
                0x00000f88                CySysClkWcoSetPowerMode
 .text.CySysWdtLock
                0x00000fc8       0x34 .\CortexM0\ARM_GCC_484\Debug\BLE Lab 3.a(CyLib.o)
                0x00000fc8                CySysWdtLock
 .text.CySysWdtLocked
                0x00000ffc       0x20 .\CortexM0\ARM_GCC_484\Debug\BLE Lab 3.a(CyLib.o)
 .text.CySysWdtUnlock
                0x0000101c       0x4c .\CortexM0\ARM_GCC_484\Debug\BLE Lab 3.a(CyLib.o)
                0x0000101c                CySysWdtUnlock
 .text.CySysWdtReadEnabledStatus
                0x00001068       0x30 .\CortexM0\ARM_GCC_484\Debug\BLE Lab 3.a(CyLib.o)
                0x00001068                CySysWdtReadEnabledStatus
 .text.CySysWdtWriteMode
                0x00001098       0x60 .\CortexM0\ARM_GCC_484\Debug\BLE Lab 3.a(CyLib.o)
                0x00001098                CySysWdtWriteMode
 .text.CySysWdtWriteClearOnMatch
                0x000010f8       0x70 .\CortexM0\ARM_GCC_484\Debug\BLE Lab 3.a(CyLib.o)
                0x000010f8                CySysWdtWriteClearOnMatch
 .text.CySysWdtEnable
                0x00001168       0x64 .\CortexM0\ARM_GCC_484\Debug\BLE Lab 3.a(CyLib.o)
                0x00001168                CySysWdtEnable
 .text.CySysWdtWriteMatch
                0x000011cc       0x90 .\CortexM0\ARM_GCC_484\Debug\BLE Lab 3.a(CyLib.o)
                0x000011cc                CySysWdtWriteMatch
 .text.CySysWdtClearInterrupt
                0x0000125c       0x6c .\CortexM0\ARM_GCC_484\Debug\BLE Lab 3.a(CyLib.o)
                0x0000125c                CySysWdtClearInterrupt
 .text.CyIntSetVector
                0x000012c8       0x4c .\CortexM0\ARM_GCC_484\Debug\BLE Lab 3.a(CyLib.o)
                0x000012c8                CyIntSetVector
 .text.CyIntSetPriority
                0x00001314       0xa8 .\CortexM0\ARM_GCC_484\Debug\BLE Lab 3.a(CyLib.o)
                0x00001314                CyIntSetPriority
 .text.CyIntEnable
                0x000013bc       0x2c .\CortexM0\ARM_GCC_484\Debug\BLE Lab 3.a(CyLib.o)
                0x000013bc                CyIntEnable
 .text.CyHalt   0x000013e8       0x14 .\CortexM0\ARM_GCC_484\Debug\BLE Lab 3.a(CyLib.o)
                0x000013e8                CyHalt
 .text.CyDelay  0x000013fc       0x48 .\CortexM0\ARM_GCC_484\Debug\BLE Lab 3.a(CyLib.o)
                0x000013fc                CyDelay
 .text.CyDelayUs
                0x00001444       0x28 .\CortexM0\ARM_GCC_484\Debug\BLE Lab 3.a(CyLib.o)
                0x00001444                CyDelayUs
 .text.CySysPmSleep
                0x0000146c       0x34 .\CortexM0\ARM_GCC_484\Debug\BLE Lab 3.a(cyPm.o)
                0x0000146c                CySysPmSleep
 .text.CyBle_HrsInit
                0x000014a0        0x8 .\CortexM0\ARM_GCC_484\Debug\BLE Lab 3.a(BLE_hrs.o)
                0x000014a0                CyBle_HrsInit
 .text.CyBle_HrsRegisterAttrCallback
                0x000014a8       0x18 .\CortexM0\ARM_GCC_484\Debug\BLE Lab 3.a(BLE_hrs.o)
                0x000014a8                CyBle_HrsRegisterAttrCallback
 .text.CyBle_HrssGetCharacteristicValue
                0x000014c0       0x9c .\CortexM0\ARM_GCC_484\Debug\BLE Lab 3.a(BLE_hrs.o)
                0x000014c0                CyBle_HrssGetCharacteristicValue
 .text.CyBle_HrssSendNotification
                0x0000155c       0xd8 .\CortexM0\ARM_GCC_484\Debug\BLE Lab 3.a(BLE_hrs.o)
                0x0000155c                CyBle_HrssSendNotification
 .text.CyBle_HrssWriteEventHandler
                0x00001634      0x118 .\CortexM0\ARM_GCC_484\Debug\BLE Lab 3.a(BLE_hrs.o)
                0x00001634                CyBle_HrssWriteEventHandler
 .text.CyBle_Init
                0x0000174c       0x2c .\CortexM0\ARM_GCC_484\Debug\BLE Lab 3.a(BLE.o)
                0x0000174c                CyBle_Init
 .text.CyBle_ServiceInit
                0x00001778       0x10 .\CortexM0\ARM_GCC_484\Debug\BLE Lab 3.a(BLE.o)
                0x00001778                CyBle_ServiceInit
 .text.CyBle_Start
                0x00001788       0x90 .\CortexM0\ARM_GCC_484\Debug\BLE Lab 3.a(BLE.o)
                0x00001788                CyBle_Start
 .text.CyBle_GappStartAdvertisement
                0x00001818       0xc4 .\CortexM0\ARM_GCC_484\Debug\BLE Lab 3.a(BLE.o)
                0x00001818                CyBle_GappStartAdvertisement
 .text.CyBle_ChangeAdDeviceAddress
                0x000018dc       0x60 .\CortexM0\ARM_GCC_484\Debug\BLE Lab 3.a(BLE.o)
                0x000018dc                CyBle_ChangeAdDeviceAddress
 .text.CyBle_Get16ByPtr
                0x0000193c       0x24 .\CortexM0\ARM_GCC_484\Debug\BLE Lab 3.a(BLE.o)
                0x0000193c                CyBle_Get16ByPtr
 .text.CyBle_GattsWriteEventHandler
                0x00001960       0xa0 .\CortexM0\ARM_GCC_484\Debug\BLE Lab 3.a(BLE_gatt.o)
                0x00001960                CyBle_GattsWriteEventHandler
 .text.CyBle_WriteReqHandler
                0x00001a00       0x98 .\CortexM0\ARM_GCC_484\Debug\BLE Lab 3.a(BLE_eventHandler.o)
 .text.CyBle_ValueConfirmation
                0x00001a98       0x10 .\CortexM0\ARM_GCC_484\Debug\BLE Lab 3.a(BLE_eventHandler.o)
 .text.CyBle_GattDisconnectEventHandler
                0x00001aa8       0x18 .\CortexM0\ARM_GCC_484\Debug\BLE Lab 3.a(BLE_eventHandler.o)
 .text.CyBle_TimeOutEventHandler
                0x00001ac0       0x10 .\CortexM0\ARM_GCC_484\Debug\BLE Lab 3.a(BLE_eventHandler.o)
 .text.CyBle_GattConnectReqHandler
                0x00001ad0        0x8 .\CortexM0\ARM_GCC_484\Debug\BLE Lab 3.a(BLE_eventHandler.o)
 .text.CyBle_IsDeviceAddressValid
                0x00001ad8       0x60 .\CortexM0\ARM_GCC_484\Debug\BLE Lab 3.a(BLE_eventHandler.o)
 .text.CyBle_L2Cap_ConnParamUpdateRspEventHandler
                0x00001b38       0x14 .\CortexM0\ARM_GCC_484\Debug\BLE Lab 3.a(BLE_eventHandler.o)
 .text.CyBle_GapConnUpdateCompleteEventHandler
                0x00001b4c       0x10 .\CortexM0\ARM_GCC_484\Debug\BLE Lab 3.a(BLE_eventHandler.o)
 .text.CyBle_EventHandler
                0x00001b5c      0x2d8 .\CortexM0\ARM_GCC_484\Debug\BLE Lab 3.a(BLE_eventHandler.o)
                0x00001b5c                CyBle_EventHandler
 .text.CyBle_DisInit
                0x00001e34        0x8 .\CortexM0\ARM_GCC_484\Debug\BLE Lab 3.a(BLE_dis.o)
                0x00001e34                CyBle_DisInit
 .text.PWM_Init
                0x00001e3c       0x58 .\CortexM0\ARM_GCC_484\Debug\BLE Lab 3.a(PWM.o)
                0x00001e3c                PWM_Init
 .text.PWM_Enable
                0x00001e94       0x38 .\CortexM0\ARM_GCC_484\Debug\BLE Lab 3.a(PWM.o)
                0x00001e94                PWM_Enable
 .text.PWM_Start
                0x00001ecc       0x24 .\CortexM0\ARM_GCC_484\Debug\BLE Lab 3.a(PWM.o)
                0x00001ecc                PWM_Start
 .text.PWM_WriteCounter
                0x00001ef0       0x1c .\CortexM0\ARM_GCC_484\Debug\BLE Lab 3.a(PWM.o)
                0x00001ef0                PWM_WriteCounter
 .text.PWM_WritePeriod
                0x00001f0c       0x1c .\CortexM0\ARM_GCC_484\Debug\BLE Lab 3.a(PWM.o)
                0x00001f0c                PWM_WritePeriod
 .text.PWM_WriteCompare
                0x00001f28       0x1c .\CortexM0\ARM_GCC_484\Debug\BLE Lab 3.a(PWM.o)
                0x00001f28                PWM_WriteCompare
 .text.PWM_TriggerCommand
                0x00001f44       0x3c .\CortexM0\ARM_GCC_484\Debug\BLE Lab 3.a(PWM.o)
                0x00001f44                PWM_TriggerCommand
 .text.PWM_SetInterruptMode
                0x00001f80       0x18 .\CortexM0\ARM_GCC_484\Debug\BLE Lab 3.a(PWM.o)
                0x00001f80                PWM_SetInterruptMode
 .text.CyBLE_Bless_LlRegWrite
                0x00001f98       0x1c .\CortexM0\ARM_GCC_484\Debug\BLE Lab 3.a(BLE_HAL_PVT.o)
                0x00001f98                CyBLE_Bless_LlRegWrite
 .text.CyBLE_Bless_RfRegWrite
                0x00001fb4       0x1c .\CortexM0\ARM_GCC_484\Debug\BLE Lab 3.a(BLE_HAL_PVT.o)
                0x00001fb4                CyBLE_Bless_RfRegWrite
 .text.CyBleHal_DelayUs
                0x00001fd0       0x1c .\CortexM0\ARM_GCC_484\Debug\BLE Lab 3.a(BLE_HAL_PVT.o)
                0x00001fd0                CyBleHal_DelayUs
 .text.CyBleHal_EnableGlobalInterrupts
                0x00001fec        0xc .\CortexM0\ARM_GCC_484\Debug\BLE Lab 3.a(BLE_HAL_PVT.o)
                0x00001fec                CyBleHal_EnableGlobalInterrupts
 .text.CyBleHal_DisableGlobalInterrupts
                0x00001ff8        0xc .\CortexM0\ARM_GCC_484\Debug\BLE Lab 3.a(BLE_HAL_PVT.o)
                0x00001ff8                CyBleHal_DisableGlobalInterrupts
 .text.CyBle_HalInit
                0x00002004       0x20 .\CortexM0\ARM_GCC_484\Debug\BLE Lab 3.a(BLE_HAL_PVT.o)
                0x00002004                CyBle_HalInit
 .text.CYBLE_BlessStart
                0x00002024       0x14 .\CortexM0\ARM_GCC_484\Debug\BLE Lab 3.a(BLE_HAL_PVT.o)
                0x00002024                CYBLE_BlessStart
 .text.BLE_bless_isr_StartEx
                0x00002038       0x24 .\CortexM0\ARM_GCC_484\Debug\BLE Lab 3.a(BLE_bless_isr.o)
                0x00002038                BLE_bless_isr_StartEx
 .text.BLE_bless_isr_SetVector
                0x0000205c       0x18 .\CortexM0\ARM_GCC_484\Debug\BLE Lab 3.a(BLE_bless_isr.o)
                0x0000205c                BLE_bless_isr_SetVector
 .text.BLE_bless_isr_SetPriority
                0x00002074       0x50 .\CortexM0\ARM_GCC_484\Debug\BLE Lab 3.a(BLE_bless_isr.o)
                0x00002074                BLE_bless_isr_SetPriority
 .text.BLE_bless_isr_Enable
                0x000020c4       0x14 .\CortexM0\ARM_GCC_484\Debug\BLE Lab 3.a(BLE_bless_isr.o)
                0x000020c4                BLE_bless_isr_Enable
 .text.BLE_bless_isr_Disable
                0x000020d8       0x14 .\CortexM0\ARM_GCC_484\Debug\BLE Lab 3.a(BLE_bless_isr.o)
                0x000020d8                BLE_bless_isr_Disable
 .text.CyBLE_Bless_Interrupt
                0x000020ec        0xc .\CortexM0\ARM_GCC_484\Debug\BLE Lab 3.a(BLE_HAL_INT.o)
                0x000020ec                CyBLE_Bless_Interrupt
 .text          0x000020f8       0x9c c:/program files (x86)/cypress/psoc creator/3.1/psoc creator/import/gnu_cs/arm/4.8.4/bin/../lib/gcc/arm-none-eabi/4.8.4/armv6-m\libgcc.a(_udivsi3.o)
                0x000020f8                __aeabi_uidiv
                0x000020f8                __udivsi3
                0x00002180                __aeabi_uidivmod
 .text          0x00002194       0xc0 c:/program files (x86)/cypress/psoc creator/3.1/psoc creator/import/gnu_cs/arm/4.8.4/bin/../lib/gcc/arm-none-eabi/4.8.4/armv6-m\libgcc.a(_divsi3.o)
                0x00002194                __divsi3
                0x00002194                __aeabi_idiv
                0x00002240                __aeabi_idivmod
 .text          0x00002254        0x4 c:/program files (x86)/cypress/psoc creator/3.1/psoc creator/import/gnu_cs/arm/4.8.4/bin/../lib/gcc/arm-none-eabi/4.8.4/armv6-m\libgcc.a(_dvmd_tls.o)
                0x00002254                __aeabi_idiv0
                0x00002254                __aeabi_ldiv0
 .text.__libc_init_array
                0x00002258       0x4c c:/program files (x86)/cypress/psoc creator/3.1/psoc creator/import/gnu_cs/arm/4.8.4/bin/../lib/gcc/arm-none-eabi/4.8.4/../../../../arm-none-eabi/lib/armv6-m\libg_s.a(lib_a-init.o)
                0x00002258                __libc_init_array
 .text.memcmp   0x000022a4       0x1e c:/program files (x86)/cypress/psoc creator/3.1/psoc creator/import/gnu_cs/arm/4.8.4/bin/../lib/gcc/arm-none-eabi/4.8.4/../../../../arm-none-eabi/lib/armv6-m\libg_s.a(lib_a-memcmp.o)
                0x000022a4                memcmp
 .text.memcpy   0x000022c2       0x12 c:/program files (x86)/cypress/psoc creator/3.1/psoc creator/import/gnu_cs/arm/4.8.4/bin/../lib/gcc/arm-none-eabi/4.8.4/../../../../arm-none-eabi/lib/armv6-m\libg_s.a(lib_a-memcpy-stub.o)
                0x000022c2                memcpy
 .text.memset   0x000022d4       0x10 c:/program files (x86)/cypress/psoc creator/3.1/psoc creator/import/gnu_cs/arm/4.8.4/bin/../lib/gcc/arm-none-eabi/4.8.4/../../../../arm-none-eabi/lib/armv6-m\libg_s.a(lib_a-memset.o)
                0x000022d4                memset
 *(.plt)
 *(.gnu.warning)
 *(.glue_7t)
 .glue_7t       0x00000000        0x0 linker stubs
 *(.glue_7)
 .glue_7        0x00000000        0x0 linker stubs
 *(.vfp11_veneer)
 .vfp11_veneer  0x00000000        0x0 linker stubs
 *(.bootloader)
 *(.ARM.extab* .gnu.linkonce.armextab.*)
 *(.gcc_except_table)

.v4_bx          0x000022e4        0x0
 .v4_bx         0x00000000        0x0 linker stubs

.iplt           0x000022e4        0x0
 .iplt          0x00000000        0x0 c:/program files (x86)/cypress/psoc creator/3.1/psoc creator/import/gnu_cs/arm/4.8.4/bin/../lib/gcc/arm-none-eabi/4.8.4/armv6-m/crtbegin.o

i.CyBle_ExitLPM
                0x000022e4        0x8
 i.CyBle_ExitLPM
                0x000022e4        0x8 C:\Program Files (x86)\Cypress\PSoC Creator\3.1\PSoC Creator\psoc\content\cycomponentlibrary\CyComponentLibrary.cylib\BLE_v1_20\Library\gccCyBLEStack_BLE_SOC_PERIPHERAL.a(CyBle.o)
                0x000022e4                CyBle_ExitLPM

i.CyBle_ProcessEvents
                0x000022ec        0x8
 i.CyBle_ProcessEvents
                0x000022ec        0x8 C:\Program Files (x86)\Cypress\PSoC Creator\3.1\PSoC Creator\psoc\content\cycomponentlibrary\CyComponentLibrary.cylib\BLE_v1_20\Library\gccCyBLEStack_BLE_SOC_PERIPHERAL.a(CyBle.o)
                0x000022ec                CyBle_ProcessEvents

i.CyBle_SetDeviceAddress
                0x000022f4       0x24
 i.CyBle_SetDeviceAddress
                0x000022f4       0x24 C:\Program Files (x86)\Cypress\PSoC Creator\3.1\PSoC Creator\psoc\content\cycomponentlibrary\CyComponentLibrary.cylib\BLE_v1_20\Library\gccCyBLEStack_BLE_SOC_PERIPHERAL.a(CyBle.o)
                0x000022f4                CyBle_SetDeviceAddress

i.CyBle_StackInit
                0x00002318       0x84
 i.CyBle_StackInit
                0x00002318       0x84 C:\Program Files (x86)\Cypress\PSoC Creator\3.1\PSoC Creator\psoc\content\cycomponentlibrary\CyComponentLibrary.cylib\BLE_v1_20\Library\gccCyBLEStack_BLE_SOC_PERIPHERAL.a(CyBle.o)
                0x00002318                CyBle_StackInit

i.CyBleStackMgr_BleGetConfigData
                0x0000239c        0x4
 i.CyBleStackMgr_BleGetConfigData
                0x0000239c        0x4 C:\Program Files (x86)\Cypress\PSoC Creator\3.1\PSoC Creator\psoc\content\cycomponentlibrary\CyComponentLibrary.cylib\BLE_v1_20\Library\gccCyBLEStack_BLE_SOC_PERIPHERAL.a(CyBleStackMgrIP_Interface.o)
                0x0000239c                CyBleStackMgr_BleGetConfigData

i.CyBleStackMgr_BleSetConfigData
                0x000023a0        0x4
 i.CyBleStackMgr_BleSetConfigData
                0x000023a0        0x4 C:\Program Files (x86)\Cypress\PSoC Creator\3.1\PSoC Creator\psoc\content\cycomponentlibrary\CyComponentLibrary.cylib\BLE_v1_20\Library\gccCyBLEStack_BLE_SOC_PERIPHERAL.a(CyBleStackMgrIP_Interface.o)
                0x000023a0                CyBleStackMgr_BleSetConfigData

i.CyBleStackMgr_Init
                0x000023a4      0x104
 i.CyBleStackMgr_Init
                0x000023a4      0x104 C:\Program Files (x86)\Cypress\PSoC Creator\3.1\PSoC Creator\psoc\content\cycomponentlibrary\CyComponentLibrary.cylib\BLE_v1_20\Library\gccCyBLEStack_BLE_SOC_PERIPHERAL.a(CyBleStackMgrIP_Interface.o)
                0x000023a4                CyBleStackMgr_Init

i.CyBleStackMgr_ProcessBleEvents
                0x000024a8       0x14
 i.CyBleStackMgr_ProcessBleEvents
                0x000024a8       0x14 C:\Program Files (x86)\Cypress\PSoC Creator\3.1\PSoC Creator\psoc\content\cycomponentlibrary\CyComponentLibrary.cylib\BLE_v1_20\Library\gccCyBLEStack_BLE_SOC_PERIPHERAL.a(CyBleStackMgrIP_Interface.o)
                0x000024a8                CyBleStackMgr_ProcessBleEvents

i.ble_stack_idle_task_callback
                0x000024bc        0x2
 i.ble_stack_idle_task_callback
                0x000024bc        0x2 C:\Program Files (x86)\Cypress\PSoC Creator\3.1\PSoC Creator\psoc\content\cycomponentlibrary\CyComponentLibrary.cylib\BLE_v1_20\Library\gccCyBLEStack_BLE_SOC_PERIPHERAL.a(CyBleStackMgrIP_Interface.o)
                0x000024bc                ble_stack_idle_task_callback

i.BT_OSFreeBuf  0x000024c0       0x18
 i.BT_OSFreeBuf
                0x000024c0       0x18 C:\Program Files (x86)\Cypress\PSoC Creator\3.1\PSoC Creator\psoc\content\cycomponentlibrary\CyComponentLibrary.cylib\BLE_v1_20\Library\gccCyBLEStack_BLE_SOC_PERIPHERAL.a(BT_os.o)
                0x000024c0                BT_OSFreeBuf

i.BT_OSGetBuF   0x000024d8       0x1c
 i.BT_OSGetBuF  0x000024d8       0x1c C:\Program Files (x86)\Cypress\PSoC Creator\3.1\PSoC Creator\psoc\content\cycomponentlibrary\CyComponentLibrary.cylib\BLE_v1_20\Library\gccCyBLEStack_BLE_SOC_PERIPHERAL.a(BT_os.o)
                0x000024d8                BT_OSGetBuF

i.BT_OSMemCreate
                0x000024f4       0x1c
 i.BT_OSMemCreate
                0x000024f4       0x1c C:\Program Files (x86)\Cypress\PSoC Creator\3.1\PSoC Creator\psoc\content\cycomponentlibrary\CyComponentLibrary.cylib\BLE_v1_20\Library\gccCyBLEStack_BLE_SOC_PERIPHERAL.a(BT_os.o)
                0x000024f4                BT_OSMemCreate

i.BT_alloc_mem_ext
                0x00002510       0x34
 i.BT_alloc_mem_ext
                0x00002510       0x34 C:\Program Files (x86)\Cypress\PSoC Creator\3.1\PSoC Creator\psoc\content\cycomponentlibrary\CyComponentLibrary.cylib\BLE_v1_20\Library\gccCyBLEStack_BLE_SOC_PERIPHERAL.a(BT_os.o)
                0x00002510                BT_alloc_mem_ext

i.BT_free_mem   0x00002544        0xc
 i.BT_free_mem  0x00002544        0xc C:\Program Files (x86)\Cypress\PSoC Creator\3.1\PSoC Creator\psoc\content\cycomponentlibrary\CyComponentLibrary.cylib\BLE_v1_20\Library\gccCyBLEStack_BLE_SOC_PERIPHERAL.a(BT_os.o)
                0x00002544                BT_free_mem

i.bt_stack_init_os
                0x00002550       0x34
 i.bt_stack_init_os
                0x00002550       0x34 C:\Program Files (x86)\Cypress\PSoC Creator\3.1\PSoC Creator\psoc\content\cycomponentlibrary\CyComponentLibrary.cylib\BLE_v1_20\Library\gccCyBLEStack_BLE_SOC_PERIPHERAL.a(BT_os.o)
                0x00002550                bt_stack_init_os

i.CyBle_CheckBleStackTaskStatus
                0x00002584        0x4
 i.CyBle_CheckBleStackTaskStatus
                0x00002584        0x4 C:\Program Files (x86)\Cypress\PSoC Creator\3.1\PSoC Creator\psoc\content\cycomponentlibrary\CyComponentLibrary.cylib\BLE_v1_20\Library\gccCyBLEStack_BLE_SOC_PERIPHERAL.a(CyBleStackMgr_StackTaskHandler.o)
                0x00002584                CyBle_CheckBleStackTaskStatus

i.CyBle_CreateBleStackTask
                0x00002588       0x2c
 i.CyBle_CreateBleStackTask
                0x00002588       0x2c C:\Program Files (x86)\Cypress\PSoC Creator\3.1\PSoC Creator\psoc\content\cycomponentlibrary\CyComponentLibrary.cylib\BLE_v1_20\Library\gccCyBLEStack_BLE_SOC_PERIPHERAL.a(CyBleStackMgr_StackTaskHandler.o)
                0x00002588                CyBle_CreateBleStackTask

i.CyBle_SignalBleStackTask
                0x000025b4       0x50
 i.CyBle_SignalBleStackTask
                0x000025b4       0x50 C:\Program Files (x86)\Cypress\PSoC Creator\3.1\PSoC Creator\psoc\content\cycomponentlibrary\CyComponentLibrary.cylib\BLE_v1_20\Library\gccCyBLEStack_BLE_SOC_PERIPHERAL.a(CyBleStackMgr_StackTaskHandler.o)
                0x000025b4                CyBle_SignalBleStackTask

i.CyBle_StackTaskHandler
                0x00002604       0x5c
 i.CyBle_StackTaskHandler
                0x00002604       0x5c C:\Program Files (x86)\Cypress\PSoC Creator\3.1\PSoC Creator\psoc\content\cycomponentlibrary\CyComponentLibrary.cylib\BLE_v1_20\Library\gccCyBLEStack_BLE_SOC_PERIPHERAL.a(CyBleStackMgr_StackTaskHandler.o)
                0x00002604                CyBle_StackTaskHandler

i.__ARM_common_switch8
                0x00002660       0x1a
 i.__ARM_common_switch8
                0x00002660       0x1a C:\Program Files (x86)\Cypress\PSoC Creator\3.1\PSoC Creator\psoc\content\cycomponentlibrary\CyComponentLibrary.cylib\BLE_v1_20\Library\gccCyBLEStack_BLE_SOC_PERIPHERAL.a(CyBleStackMgr_StackTaskHandler.o)
                0x00002660                __ARM_common_switch8

i.hci_soft_transport_notify_data_received
                0x0000267c        0xc
 i.hci_soft_transport_notify_data_received
                0x0000267c        0xc C:\Program Files (x86)\Cypress\PSoC Creator\3.1\PSoC Creator\psoc\content\cycomponentlibrary\CyComponentLibrary.cylib\BLE_v1_20\Library\gccCyBLEStack_BLE_SOC_PERIPHERAL.a(transport_sf.o)
                0x0000267c                hci_soft_transport_notify_data_received

i.hci_soft_transport_rx_data
                0x00002688       0x40
 i.hci_soft_transport_rx_data
                0x00002688       0x40 C:\Program Files (x86)\Cypress\PSoC Creator\3.1\PSoC Creator\psoc\content\cycomponentlibrary\CyComponentLibrary.cylib\BLE_v1_20\Library\gccCyBLEStack_BLE_SOC_PERIPHERAL.a(transport_sf.o)
                0x00002688                hci_soft_transport_rx_data

i.hci_transport_bt_init
                0x000026c8        0x2
 i.hci_transport_bt_init
                0x000026c8        0x2 C:\Program Files (x86)\Cypress\PSoC Creator\3.1\PSoC Creator\psoc\content\cycomponentlibrary\CyComponentLibrary.cylib\BLE_v1_20\Library\gccCyBLEStack_BLE_SOC_PERIPHERAL.a(transport_sf.o)
                0x000026c8                hci_transport_bt_init

i.hci_transport_init
                0x000026cc       0x10
 i.hci_transport_init
                0x000026cc       0x10 C:\Program Files (x86)\Cypress\PSoC Creator\3.1\PSoC Creator\psoc\content\cycomponentlibrary\CyComponentLibrary.cylib\BLE_v1_20\Library\gccCyBLEStack_BLE_SOC_PERIPHERAL.a(transport_sf.o)
                0x000026cc                hci_transport_init

i.hci_transport_write_data
                0x000026dc       0xd4
 i.hci_transport_write_data
                0x000026dc       0xd4 C:\Program Files (x86)\Cypress\PSoC Creator\3.1\PSoC Creator\psoc\content\cycomponentlibrary\CyComponentLibrary.cylib\BLE_v1_20\Library\gccCyBLEStack_BLE_SOC_PERIPHERAL.a(transport_sf.o)
                0x000026dc                hci_transport_write_data

i.pf_hci_soft_transport_write
                0x000027b0       0x44
 i.pf_hci_soft_transport_write
                0x000027b0       0x44 C:\Program Files (x86)\Cypress\PSoC Creator\3.1\PSoC Creator\psoc\content\cycomponentlibrary\CyComponentLibrary.cylib\BLE_v1_20\Library\gccCyBLEStack_BLE_SOC_PERIPHERAL.a(transport_sf.o)
                0x000027b0                pf_hci_soft_transport_write

i.pf_soft_hci_transport_init
                0x000027f4        0xc
 i.pf_soft_hci_transport_init
                0x000027f4        0xc C:\Program Files (x86)\Cypress\PSoC Creator\3.1\PSoC Creator\psoc\content\cycomponentlibrary\CyComponentLibrary.cylib\BLE_v1_20\Library\gccCyBLEStack_BLE_SOC_PERIPHERAL.a(transport_sf.o)
                0x000027f4                pf_soft_hci_transport_init

i.CyBleStackMgr_GetTime
                0x00002800       0x14
 i.CyBleStackMgr_GetTime
                0x00002800       0x14 C:\Program Files (x86)\Cypress\PSoC Creator\3.1\PSoC Creator\psoc\content\cycomponentlibrary\CyComponentLibrary.cylib\BLE_v1_20\Library\gccCyBLEStack_BLE_SOC_PERIPHERAL.a(CyBleStackMgr_PSoCHal.o)
                0x00002800                CyBleStackMgr_GetTime

i.CyBleStackMgr_HalInit
                0x00002814       0x24
 i.CyBleStackMgr_HalInit
                0x00002814       0x24 C:\Program Files (x86)\Cypress\PSoC Creator\3.1\PSoC Creator\psoc\content\cycomponentlibrary\CyComponentLibrary.cylib\BLE_v1_20\Library\gccCyBLEStack_BLE_SOC_PERIPHERAL.a(CyBleStackMgr_PSoCHal.o)
                0x00002814                CyBleStackMgr_HalInit

i.CyBleStackMgr_HalIntrEnable
                0x00002838        0x8
 i.CyBleStackMgr_HalIntrEnable
                0x00002838        0x8 C:\Program Files (x86)\Cypress\PSoC Creator\3.1\PSoC Creator\psoc\content\cycomponentlibrary\CyComponentLibrary.cylib\BLE_v1_20\Library\gccCyBLEStack_BLE_SOC_PERIPHERAL.a(CyBleStackMgr_PSoCHal.o)
                0x00002838                CyBleStackMgr_HalIntrEnable

i.CyBleStackMgr_HandleLinkLayerTick
                0x00002840       0x5c
 i.CyBleStackMgr_HandleLinkLayerTick
                0x00002840       0x5c C:\Program Files (x86)\Cypress\PSoC Creator\3.1\PSoC Creator\psoc\content\cycomponentlibrary\CyComponentLibrary.cylib\BLE_v1_20\Library\gccCyBLEStack_BLE_SOC_PERIPHERAL.a(CyBleStackMgr_PSoCHal.o)
                0x00002840                CyBleStackMgr_HandleLinkLayerTick

i.CyBleStackMgr_HciPortInit
                0x0000289c        0xc
 i.CyBleStackMgr_HciPortInit
                0x0000289c        0xc C:\Program Files (x86)\Cypress\PSoC Creator\3.1\PSoC Creator\psoc\content\cycomponentlibrary\CyComponentLibrary.cylib\BLE_v1_20\Library\gccCyBLEStack_BLE_SOC_PERIPHERAL.a(CyBleStackMgr_PSoCHal.o)
                0x0000289c                CyBleStackMgr_HciPortInit

i.CyBleStackMgr_HciPortReset
                0x000028a8        0x2
 i.CyBleStackMgr_HciPortReset
                0x000028a8        0x2 C:\Program Files (x86)\Cypress\PSoC Creator\3.1\PSoC Creator\psoc\content\cycomponentlibrary\CyComponentLibrary.cylib\BLE_v1_20\Library\gccCyBLEStack_BLE_SOC_PERIPHERAL.a(CyBleStackMgr_PSoCHal.o)
                0x000028a8                CyBleStackMgr_HciPortReset

i.CyBleStackMgr_HciPortWrite
                0x000028aa        0x8
 i.CyBleStackMgr_HciPortWrite
                0x000028aa        0x8 C:\Program Files (x86)\Cypress\PSoC Creator\3.1\PSoC Creator\psoc\content\cycomponentlibrary\CyComponentLibrary.cylib\BLE_v1_20\Library\gccCyBLEStack_BLE_SOC_PERIPHERAL.a(CyBleStackMgr_PSoCHal.o)
                0x000028aa                CyBleStackMgr_HciPortWrite

i.CyBleStackMgr_ResetLinkLayerTimerEntity
                0x000028b4       0x14
 i.CyBleStackMgr_ResetLinkLayerTimerEntity
                0x000028b4       0x14 C:\Program Files (x86)\Cypress\PSoC Creator\3.1\PSoC Creator\psoc\content\cycomponentlibrary\CyComponentLibrary.cylib\BLE_v1_20\Library\gccCyBLEStack_BLE_SOC_PERIPHERAL.a(CyBleStackMgr_PSoCHal.o)
                0x000028b4                CyBleStackMgr_ResetLinkLayerTimerEntity

i.CyBleStackMgr_TimerStart
                0x000028c8       0x2c
 i.CyBleStackMgr_TimerStart
                0x000028c8       0x2c C:\Program Files (x86)\Cypress\PSoC Creator\3.1\PSoC Creator\psoc\content\cycomponentlibrary\CyComponentLibrary.cylib\BLE_v1_20\Library\gccCyBLEStack_BLE_SOC_PERIPHERAL.a(CyBleStackMgr_PSoCHal.o)
                0x000028c8                CyBleStackMgr_TimerStart

i.CyBleStackMgr_TimerStop
                0x000028f4       0x18
 i.CyBleStackMgr_TimerStop
                0x000028f4       0x18 C:\Program Files (x86)\Cypress\PSoC Creator\3.1\PSoC Creator\psoc\content\cycomponentlibrary\CyComponentLibrary.cylib\BLE_v1_20\Library\gccCyBLEStack_BLE_SOC_PERIPHERAL.a(CyBleStackMgr_PSoCHal.o)
                0x000028f4                CyBleStackMgr_TimerStop

i.CyBleStackMgr_isTimerRunning
                0x0000290c       0x10
 i.CyBleStackMgr_isTimerRunning
                0x0000290c       0x10 C:\Program Files (x86)\Cypress\PSoC Creator\3.1\PSoC Creator\psoc\content\cycomponentlibrary\CyComponentLibrary.cylib\BLE_v1_20\Library\gccCyBLEStack_BLE_SOC_PERIPHERAL.a(CyBleStackMgr_PSoCHal.o)
                0x0000290c                CyBleStackMgr_isTimerRunning

i.CyBleAtlantisRadioInit
                0x0000291c      0x1ac
 i.CyBleAtlantisRadioInit
                0x0000291c      0x1ac C:\Program Files (x86)\Cypress\PSoC Creator\3.1\PSoC Creator\psoc\content\cycomponentlibrary\CyComponentLibrary.cylib\BLE_v1_20\Library\gccCyBLEStack_BLE_SOC_PERIPHERAL.a(CyBleStackMgr_BleSSDriver.o)

i.CyBleStackMgr_BleSSFifoRead
                0x00002ac8       0x38
 i.CyBleStackMgr_BleSSFifoRead
                0x00002ac8       0x38 C:\Program Files (x86)\Cypress\PSoC Creator\3.1\PSoC Creator\psoc\content\cycomponentlibrary\CyComponentLibrary.cylib\BLE_v1_20\Library\gccCyBLEStack_BLE_SOC_PERIPHERAL.a(CyBleStackMgr_BleSSDriver.o)
                0x00002ac8                CyBleStackMgr_BleSSFifoRead

i.CyBleStackMgr_BleSSFifoWrite
                0x00002b00       0x30
 i.CyBleStackMgr_BleSSFifoWrite
                0x00002b00       0x30 C:\Program Files (x86)\Cypress\PSoC Creator\3.1\PSoC Creator\psoc\content\cycomponentlibrary\CyComponentLibrary.cylib\BLE_v1_20\Library\gccCyBLEStack_BLE_SOC_PERIPHERAL.a(CyBleStackMgr_BleSSDriver.o)
                0x00002b00                CyBleStackMgr_BleSSFifoWrite

i.CyBleStackMgr_BleSSInit
                0x00002b30       0x50
 i.CyBleStackMgr_BleSSInit
                0x00002b30       0x50 C:\Program Files (x86)\Cypress\PSoC Creator\3.1\PSoC Creator\psoc\content\cycomponentlibrary\CyComponentLibrary.cylib\BLE_v1_20\Library\gccCyBLEStack_BLE_SOC_PERIPHERAL.a(CyBleStackMgr_BleSSDriver.o)
                0x00002b30                CyBleStackMgr_BleSSInit

i.CyBleStackMgr_BleSSMemRead
                0x00002b80       0x26
 i.CyBleStackMgr_BleSSMemRead
                0x00002b80       0x26 C:\Program Files (x86)\Cypress\PSoC Creator\3.1\PSoC Creator\psoc\content\cycomponentlibrary\CyComponentLibrary.cylib\BLE_v1_20\Library\gccCyBLEStack_BLE_SOC_PERIPHERAL.a(CyBleStackMgr_BleSSDriver.o)
                0x00002b80                CyBleStackMgr_BleSSMemRead

i.CyBleStackMgr_BleSSMemWrite
                0x00002ba8       0x34
 i.CyBleStackMgr_BleSSMemWrite
                0x00002ba8       0x34 C:\Program Files (x86)\Cypress\PSoC Creator\3.1\PSoC Creator\psoc\content\cycomponentlibrary\CyComponentLibrary.cylib\BLE_v1_20\Library\gccCyBLEStack_BLE_SOC_PERIPHERAL.a(CyBleStackMgr_BleSSDriver.o)
                0x00002ba8                CyBleStackMgr_BleSSMemWrite

i.CyBleStackMgr_BleSSRegRead
                0x00002bdc        0xc
 i.CyBleStackMgr_BleSSRegRead
                0x00002bdc        0xc C:\Program Files (x86)\Cypress\PSoC Creator\3.1\PSoC Creator\psoc\content\cycomponentlibrary\CyComponentLibrary.cylib\BLE_v1_20\Library\gccCyBLEStack_BLE_SOC_PERIPHERAL.a(CyBleStackMgr_BleSSDriver.o)
                0x00002bdc                CyBleStackMgr_BleSSRegRead

i.CyBleStackMgr_BleSSRegWrite
                0x00002be8        0xc
 i.CyBleStackMgr_BleSSRegWrite
                0x00002be8        0xc C:\Program Files (x86)\Cypress\PSoC Creator\3.1\PSoC Creator\psoc\content\cycomponentlibrary\CyComponentLibrary.cylib\BLE_v1_20\Library\gccCyBLEStack_BLE_SOC_PERIPHERAL.a(CyBleStackMgr_BleSSDriver.o)
                0x00002be8                CyBleStackMgr_BleSSRegWrite

i.CyBleStackMgr_BleSSReset
                0x00002bf4       0x38
 i.CyBleStackMgr_BleSSReset
                0x00002bf4       0x38 C:\Program Files (x86)\Cypress\PSoC Creator\3.1\PSoC Creator\psoc\content\cycomponentlibrary\CyComponentLibrary.cylib\BLE_v1_20\Library\gccCyBLEStack_BLE_SOC_PERIPHERAL.a(CyBleStackMgr_BleSSDriver.o)
                0x00002bf4                CyBleStackMgr_BleSSReset

i.CyBleStackMgr_GenericIface
                0x00002c2c       0x3c
 i.CyBleStackMgr_GenericIface
                0x00002c2c       0x3c C:\Program Files (x86)\Cypress\PSoC Creator\3.1\PSoC Creator\psoc\content\cycomponentlibrary\CyComponentLibrary.cylib\BLE_v1_20\Library\gccCyBLEStack_BLE_SOC_PERIPHERAL.a(CyBleStackMgr_BleSSDriver.o)
                0x00002c2c                CyBleStackMgr_GenericIface

i.CyBleStackMgr_HandleBleSSIntr
                0x00002c68       0x90
 i.CyBleStackMgr_HandleBleSSIntr
                0x00002c68       0x90 C:\Program Files (x86)\Cypress\PSoC Creator\3.1\PSoC Creator\psoc\content\cycomponentlibrary\CyComponentLibrary.cylib\BLE_v1_20\Library\gccCyBLEStack_BLE_SOC_PERIPHERAL.a(CyBleStackMgr_BleSSDriver.o)
                0x00002c68                CyBleStackMgr_HandleBleSSIntr

i.CyBleStackMgr_SetClockParam
                0x00002cf8       0xb4
 i.CyBleStackMgr_SetClockParam
                0x00002cf8       0xb4 C:\Program Files (x86)\Cypress\PSoC Creator\3.1\PSoC Creator\psoc\content\cycomponentlibrary\CyComponentLibrary.cylib\BLE_v1_20\Library\gccCyBLEStack_BLE_SOC_PERIPHERAL.a(CyBleStackMgr_BleSSDriver.o)

i.CyBle_ExitDsmMode
                0x00002dac       0x2c
 i.CyBle_ExitDsmMode
                0x00002dac       0x2c C:\Program Files (x86)\Cypress\PSoC Creator\3.1\PSoC Creator\psoc\content\cycomponentlibrary\CyComponentLibrary.cylib\BLE_v1_20\Library\gccCyBLEStack_BLE_SOC_PERIPHERAL.a(CyBleStackMgr_BleSSDriver.o)
                0x00002dac                CyBle_ExitDsmMode

i.CyBle_GetBleSsOperationalMode
                0x00002dd8        0xc
 i.CyBle_GetBleSsOperationalMode
                0x00002dd8        0xc C:\Program Files (x86)\Cypress\PSoC Creator\3.1\PSoC Creator\psoc\content\cycomponentlibrary\CyComponentLibrary.cylib\BLE_v1_20\Library\gccCyBLEStack_BLE_SOC_PERIPHERAL.a(CyBleStackMgr_BleSSDriver.o)
                0x00002dd8                CyBle_GetBleSsOperationalMode

i.CyBle_GetEventCloseState
                0x00002de4       0x10
 i.CyBle_GetEventCloseState
                0x00002de4       0x10 C:\Program Files (x86)\Cypress\PSoC Creator\3.1\PSoC Creator\psoc\content\cycomponentlibrary\CyComponentLibrary.cylib\BLE_v1_20\Library\gccCyBLEStack_BLE_SOC_PERIPHERAL.a(CyBleStackMgr_BleSSDriver.o)
                0x00002de4                CyBle_GetEventCloseState

i.CyBle_GetLpMode
                0x00002df4       0x26
 i.CyBle_GetLpMode
                0x00002df4       0x26 C:\Program Files (x86)\Cypress\PSoC Creator\3.1\PSoC Creator\psoc\content\cycomponentlibrary\CyComponentLibrary.cylib\BLE_v1_20\Library\gccCyBLEStack_BLE_SOC_PERIPHERAL.a(CyBleStackMgr_BleSSDriver.o)
                0x00002df4                CyBle_GetLpMode

i.CyBle_GetTxGainMode
                0x00002e1c       0x2c
 i.CyBle_GetTxGainMode
                0x00002e1c       0x2c C:\Program Files (x86)\Cypress\PSoC Creator\3.1\PSoC Creator\psoc\content\cycomponentlibrary\CyComponentLibrary.cylib\BLE_v1_20\Library\gccCyBLEStack_BLE_SOC_PERIPHERAL.a(CyBleStackMgr_BleSSDriver.o)
                0x00002e1c                CyBle_GetTxGainMode

i.CyBle_SetBleSsOperationalMode
                0x00002e48       0x20
 i.CyBle_SetBleSsOperationalMode
                0x00002e48       0x20 C:\Program Files (x86)\Cypress\PSoC Creator\3.1\PSoC Creator\psoc\content\cycomponentlibrary\CyComponentLibrary.cylib\BLE_v1_20\Library\gccCyBLEStack_BLE_SOC_PERIPHERAL.a(CyBleStackMgr_BleSSDriver.o)
                0x00002e48                CyBle_SetBleSsOperationalMode

i.CyBle_SetEventCloseState
                0x00002e68        0xc
 i.CyBle_SetEventCloseState
                0x00002e68        0xc C:\Program Files (x86)\Cypress\PSoC Creator\3.1\PSoC Creator\psoc\content\cycomponentlibrary\CyComponentLibrary.cylib\BLE_v1_20\Library\gccCyBLEStack_BLE_SOC_PERIPHERAL.a(CyBleStackMgr_BleSSDriver.o)
                0x00002e68                CyBle_SetEventCloseState

i.CyBle_SetRxGainMode
                0x00002e74       0x20
 i.CyBle_SetRxGainMode
                0x00002e74       0x20 C:\Program Files (x86)\Cypress\PSoC Creator\3.1\PSoC Creator\psoc\content\cycomponentlibrary\CyComponentLibrary.cylib\BLE_v1_20\Library\gccCyBLEStack_BLE_SOC_PERIPHERAL.a(CyBleStackMgr_BleSSDriver.o)
                0x00002e74                CyBle_SetRxGainMode

i.CyBle_SetTxGainMode
                0x00002e94       0x38
 i.CyBle_SetTxGainMode
                0x00002e94       0x38 C:\Program Files (x86)\Cypress\PSoC Creator\3.1\PSoC Creator\psoc\content\cycomponentlibrary\CyComponentLibrary.cylib\BLE_v1_20\Library\gccCyBLEStack_BLE_SOC_PERIPHERAL.a(CyBleStackMgr_BleSSDriver.o)
                0x00002e94                CyBle_SetTxGainMode

i.pf_rf_get_abs_rssi
                0x00002ecc       0x24
 i.pf_rf_get_abs_rssi
                0x00002ecc       0x24 C:\Program Files (x86)\Cypress\PSoC Creator\3.1\PSoC Creator\psoc\content\cycomponentlibrary\CyComponentLibrary.cylib\BLE_v1_20\Library\gccCyBLEStack_BLE_SOC_PERIPHERAL.a(CyBleStackMgr_BleSSDriver.o)
                0x00002ecc                pf_rf_get_abs_rssi

i.OS_init       0x00002ef0       0x64
 i.OS_init      0x00002ef0       0x64 C:\Program Files (x86)\Cypress\PSoC Creator\3.1\PSoC Creator\psoc\content\cycomponentlibrary\CyComponentLibrary.cylib\BLE_v1_20\Library\gccCyBLEStack_BLE_SOC_PERIPHERAL.a(mint_os.o)
                0x00002ef0                OS_init

i.mintos_malloc
                0x00002f54       0x34
 i.mintos_malloc
                0x00002f54       0x34 C:\Program Files (x86)\Cypress\PSoC Creator\3.1\PSoC Creator\psoc\content\cycomponentlibrary\CyComponentLibrary.cylib\BLE_v1_20\Library\gccCyBLEStack_BLE_SOC_PERIPHERAL.a(mint_os.o)
                0x00002f54                mintos_malloc

i.OS_create_queue
                0x00002f88       0x64
 i.OS_create_queue
                0x00002f88       0x64 C:\Program Files (x86)\Cypress\PSoC Creator\3.1\PSoC Creator\psoc\content\cycomponentlibrary\CyComponentLibrary.cylib\BLE_v1_20\Library\gccCyBLEStack_BLE_SOC_PERIPHERAL.a(mint_os_queue.o)
                0x00002f88                OS_create_queue

i.OS_enqueue_item
                0x00002fec       0x8c
 i.OS_enqueue_item
                0x00002fec       0x8c C:\Program Files (x86)\Cypress\PSoC Creator\3.1\PSoC Creator\psoc\content\cycomponentlibrary\CyComponentLibrary.cylib\BLE_v1_20\Library\gccCyBLEStack_BLE_SOC_PERIPHERAL.a(mint_os_queue.o)
                0x00002fec                OS_enqueue_item

i.OS_queue_get_num_of_items
                0x00003078       0x28
 i.OS_queue_get_num_of_items
                0x00003078       0x28 C:\Program Files (x86)\Cypress\PSoC Creator\3.1\PSoC Creator\psoc\content\cycomponentlibrary\CyComponentLibrary.cylib\BLE_v1_20\Library\gccCyBLEStack_BLE_SOC_PERIPHERAL.a(mint_os_queue.o)
                0x00003078                OS_queue_get_num_of_items

i.OS_queue_mgmt_init
                0x000030a0       0x40
 i.OS_queue_mgmt_init
                0x000030a0       0x40 C:\Program Files (x86)\Cypress\PSoC Creator\3.1\PSoC Creator\psoc\content\cycomponentlibrary\CyComponentLibrary.cylib\BLE_v1_20\Library\gccCyBLEStack_BLE_SOC_PERIPHERAL.a(mint_os_queue.o)
                0x000030a0                OS_queue_mgmt_init

i.OS_remove_item
                0x000030e0       0xa0
 i.OS_remove_item
                0x000030e0       0xa0 C:\Program Files (x86)\Cypress\PSoC Creator\3.1\PSoC Creator\psoc\content\cycomponentlibrary\CyComponentLibrary.cylib\BLE_v1_20\Library\gccCyBLEStack_BLE_SOC_PERIPHERAL.a(mint_os_queue.o)
                0x000030e0                OS_remove_item

i.OS_create_task
                0x00003180       0x88
 i.OS_create_task
                0x00003180       0x88 C:\Program Files (x86)\Cypress\PSoC Creator\3.1\PSoC Creator\psoc\content\cycomponentlibrary\CyComponentLibrary.cylib\BLE_v1_20\Library\gccCyBLEStack_BLE_SOC_PERIPHERAL.a(mint_os_task.o)
                0x00003180                OS_create_task

i.OS_isr_send_signal_to_task
                0x00003208        0xc
 i.OS_isr_send_signal_to_task
                0x00003208        0xc C:\Program Files (x86)\Cypress\PSoC Creator\3.1\PSoC Creator\psoc\content\cycomponentlibrary\CyComponentLibrary.cylib\BLE_v1_20\Library\gccCyBLEStack_BLE_SOC_PERIPHERAL.a(mint_os_task.o)
                0x00003208                OS_isr_send_signal_to_task

i.OS_scheduler  0x00003214       0x64
 i.OS_scheduler
                0x00003214       0x64 C:\Program Files (x86)\Cypress\PSoC Creator\3.1\PSoC Creator\psoc\content\cycomponentlibrary\CyComponentLibrary.cylib\BLE_v1_20\Library\gccCyBLEStack_BLE_SOC_PERIPHERAL.a(mint_os_task.o)
                0x00003214                OS_scheduler

i.OS_send_signal_to_task
                0x00003278        0xc
 i.OS_send_signal_to_task
                0x00003278        0xc C:\Program Files (x86)\Cypress\PSoC Creator\3.1\PSoC Creator\psoc\content\cycomponentlibrary\CyComponentLibrary.cylib\BLE_v1_20\Library\gccCyBLEStack_BLE_SOC_PERIPHERAL.a(mint_os_task.o)
                0x00003278                OS_send_signal_to_task

i.OS_send_signal_to_task_context
                0x00003284       0x3c
 i.OS_send_signal_to_task_context
                0x00003284       0x3c C:\Program Files (x86)\Cypress\PSoC Creator\3.1\PSoC Creator\psoc\content\cycomponentlibrary\CyComponentLibrary.cylib\BLE_v1_20\Library\gccCyBLEStack_BLE_SOC_PERIPHERAL.a(mint_os_task.o)

i.OS_task_mgmt_init
                0x000032c0       0x50
 i.OS_task_mgmt_init
                0x000032c0       0x50 C:\Program Files (x86)\Cypress\PSoC Creator\3.1\PSoC Creator\psoc\content\cycomponentlibrary\CyComponentLibrary.cylib\BLE_v1_20\Library\gccCyBLEStack_BLE_SOC_PERIPHERAL.a(mint_os_task.o)
                0x000032c0                OS_task_mgmt_init

i.mint_buf_mgmt_allocate_buffer
                0x00003310       0x4c
 i.mint_buf_mgmt_allocate_buffer
                0x00003310       0x4c C:\Program Files (x86)\Cypress\PSoC Creator\3.1\PSoC Creator\psoc\content\cycomponentlibrary\CyComponentLibrary.cylib\BLE_v1_20\Library\gccCyBLEStack_BLE_SOC_PERIPHERAL.a(mint_buf_mgmt.o)
                0x00003310                mint_buf_mgmt_allocate_buffer

i.mint_buf_mgmt_create_pool
                0x0000335c       0xd8
 i.mint_buf_mgmt_create_pool
                0x0000335c       0xd8 C:\Program Files (x86)\Cypress\PSoC Creator\3.1\PSoC Creator\psoc\content\cycomponentlibrary\CyComponentLibrary.cylib\BLE_v1_20\Library\gccCyBLEStack_BLE_SOC_PERIPHERAL.a(mint_buf_mgmt.o)
                0x0000335c                mint_buf_mgmt_create_pool

i.mint_buf_mgmt_free_buffer
                0x00003434       0xa4
 i.mint_buf_mgmt_free_buffer
                0x00003434       0xa4 C:\Program Files (x86)\Cypress\PSoC Creator\3.1\PSoC Creator\psoc\content\cycomponentlibrary\CyComponentLibrary.cylib\BLE_v1_20\Library\gccCyBLEStack_BLE_SOC_PERIPHERAL.a(mint_buf_mgmt.o)
                0x00003434                mint_buf_mgmt_free_buffer

i.mint_buf_mgmt_get_free_heap
                0x000034d8       0x1c
 i.mint_buf_mgmt_get_free_heap
                0x000034d8       0x1c C:\Program Files (x86)\Cypress\PSoC Creator\3.1\PSoC Creator\psoc\content\cycomponentlibrary\CyComponentLibrary.cylib\BLE_v1_20\Library\gccCyBLEStack_BLE_SOC_PERIPHERAL.a(mint_buf_mgmt.o)
                0x000034d8                mint_buf_mgmt_get_free_heap

i.mint_buf_mgmt_init
                0x000034f4       0x44
 i.mint_buf_mgmt_init
                0x000034f4       0x44 C:\Program Files (x86)\Cypress\PSoC Creator\3.1\PSoC Creator\psoc\content\cycomponentlibrary\CyComponentLibrary.cylib\BLE_v1_20\Library\gccCyBLEStack_BLE_SOC_PERIPHERAL.a(mint_buf_mgmt.o)
                0x000034f4                mint_buf_mgmt_init

i.mint_buf_mgmt_malloc
                0x00003538       0x2c
 i.mint_buf_mgmt_malloc
                0x00003538       0x2c C:\Program Files (x86)\Cypress\PSoC Creator\3.1\PSoC Creator\psoc\content\cycomponentlibrary\CyComponentLibrary.cylib\BLE_v1_20\Library\gccCyBLEStack_BLE_SOC_PERIPHERAL.a(mint_buf_mgmt.o)
                0x00003538                mint_buf_mgmt_malloc

i.mint_buf_mgmt_reset_pool
                0x00003564       0x70
 i.mint_buf_mgmt_reset_pool
                0x00003564       0x70 C:\Program Files (x86)\Cypress\PSoC Creator\3.1\PSoC Creator\psoc\content\cycomponentlibrary\CyComponentLibrary.cylib\BLE_v1_20\Library\gccCyBLEStack_BLE_SOC_PERIPHERAL.a(mint_buf_mgmt.o)
                0x00003564                mint_buf_mgmt_reset_pool

i.mint_buf_mgmt_stack_init
                0x000035d4       0x24
 i.mint_buf_mgmt_stack_init
                0x000035d4       0x24 C:\Program Files (x86)\Cypress\PSoC Creator\3.1\PSoC Creator\psoc\content\cycomponentlibrary\CyComponentLibrary.cylib\BLE_v1_20\Library\gccCyBLEStack_BLE_SOC_PERIPHERAL.a(mint_buf_mgmt.o)
                0x000035d4                mint_buf_mgmt_stack_init

i.mint_buf_mgmt_stack_pop
                0x000035f8       0x36
 i.mint_buf_mgmt_stack_pop
                0x000035f8       0x36 C:\Program Files (x86)\Cypress\PSoC Creator\3.1\PSoC Creator\psoc\content\cycomponentlibrary\CyComponentLibrary.cylib\BLE_v1_20\Library\gccCyBLEStack_BLE_SOC_PERIPHERAL.a(mint_buf_mgmt.o)
                0x000035f8                mint_buf_mgmt_stack_pop

i.mint_buf_mgmt_stack_push
                0x0000362e       0x36
 i.mint_buf_mgmt_stack_push
                0x0000362e       0x36 C:\Program Files (x86)\Cypress\PSoC Creator\3.1\PSoC Creator\psoc\content\cycomponentlibrary\CyComponentLibrary.cylib\BLE_v1_20\Library\gccCyBLEStack_BLE_SOC_PERIPHERAL.a(mint_buf_mgmt.o)
                0x0000362e                mint_buf_mgmt_stack_push

i.mint_buf_mgmt_stack_reset
                0x00003664       0x1e
 i.mint_buf_mgmt_stack_reset
                0x00003664       0x1e C:\Program Files (x86)\Cypress\PSoC Creator\3.1\PSoC Creator\psoc\content\cycomponentlibrary\CyComponentLibrary.cylib\BLE_v1_20\Library\gccCyBLEStack_BLE_SOC_PERIPHERAL.a(mint_buf_mgmt.o)
                0x00003664                mint_buf_mgmt_stack_reset

i.mint_buf_mgmt_stack_search_item
                0x00003682       0x30
 i.mint_buf_mgmt_stack_search_item
                0x00003682       0x30 C:\Program Files (x86)\Cypress\PSoC Creator\3.1\PSoC Creator\psoc\content\cycomponentlibrary\CyComponentLibrary.cylib\BLE_v1_20\Library\gccCyBLEStack_BLE_SOC_PERIPHERAL.a(mint_buf_mgmt.o)
                0x00003682                mint_buf_mgmt_stack_search_item

i.mint_buf_mgmt_pl_init
                0x000036b4       0x2c
 i.mint_buf_mgmt_pl_init
                0x000036b4       0x2c C:\Program Files (x86)\Cypress\PSoC Creator\3.1\PSoC Creator\psoc\content\cycomponentlibrary\CyComponentLibrary.cylib\BLE_v1_20\Library\gccCyBLEStack_BLE_SOC_PERIPHERAL.a(mint_buf_mgmt_pl.o)
                0x000036b4                mint_buf_mgmt_pl_init

i.CyBleControllerIP_GetPingState
                0x000036e0        0xc
 i.CyBleControllerIP_GetPingState
                0x000036e0        0xc C:\Program Files (x86)\Cypress\PSoC Creator\3.1\PSoC Creator\psoc\content\cycomponentlibrary\CyComponentLibrary.cylib\BLE_v1_20\Library\gccCyBLEStack_BLE_SOC_PERIPHERAL.a(CyBleControllerIP_Interface.o)
                0x000036e0                CyBleControllerIP_GetPingState

i.CyBleController_AddDeviceToWhiteList
                0x000036ec       0x40
 i.CyBleController_AddDeviceToWhiteList
                0x000036ec       0x40 C:\Program Files (x86)\Cypress\PSoC Creator\3.1\PSoC Creator\psoc\content\cycomponentlibrary\CyComponentLibrary.cylib\BLE_v1_20\Library\gccCyBLEStack_BLE_SOC_PERIPHERAL.a(CyBleControllerIP_Interface.o)
                0x000036ec                CyBleController_AddDeviceToWhiteList

i.CyBleController_ExitLowPowerMode
                0x0000372c       0x10
 i.CyBleController_ExitLowPowerMode
                0x0000372c       0x10 C:\Program Files (x86)\Cypress\PSoC Creator\3.1\PSoC Creator\psoc\content\cycomponentlibrary\CyComponentLibrary.cylib\BLE_v1_20\Library\gccCyBLEStack_BLE_SOC_PERIPHERAL.a(CyBleControllerIP_Interface.o)
                0x0000372c                CyBleController_ExitLowPowerMode

i.CyBleController_Init
                0x0000373c       0x3c
 i.CyBleController_Init
                0x0000373c       0x3c C:\Program Files (x86)\Cypress\PSoC Creator\3.1\PSoC Creator\psoc\content\cycomponentlibrary\CyComponentLibrary.cylib\BLE_v1_20\Library\gccCyBLEStack_BLE_SOC_PERIPHERAL.a(CyBleControllerIP_Interface.o)
                0x0000373c                CyBleController_Init

i.CyBleController_SetDeviceAddress
                0x00003778       0x2e
 i.CyBleController_SetDeviceAddress
                0x00003778       0x2e C:\Program Files (x86)\Cypress\PSoC Creator\3.1\PSoC Creator\psoc\content\cycomponentlibrary\CyComponentLibrary.cylib\BLE_v1_20\Library\gccCyBLEStack_BLE_SOC_PERIPHERAL.a(CyBleControllerIP_Interface.o)
                0x00003778                CyBleController_SetDeviceAddress

i.CyBle_GetBleSsState
                0x000037a6       0x10
 i.CyBle_GetBleSsState
                0x000037a6       0x10 C:\Program Files (x86)\Cypress\PSoC Creator\3.1\PSoC Creator\psoc\content\cycomponentlibrary\CyComponentLibrary.cylib\BLE_v1_20\Library\gccCyBLEStack_BLE_SOC_PERIPHERAL.a(CyBleControllerIP_Interface.o)
                0x000037a6                CyBle_GetBleSsState

i.CyBle_GetTxPowerLevel
                0x000037b6       0x4e
 i.CyBle_GetTxPowerLevel
                0x000037b6       0x4e C:\Program Files (x86)\Cypress\PSoC Creator\3.1\PSoC Creator\psoc\content\cycomponentlibrary\CyComponentLibrary.cylib\BLE_v1_20\Library\gccCyBLEStack_BLE_SOC_PERIPHERAL.a(CyBleControllerIP_Interface.o)
                0x000037b6                CyBle_GetTxPowerLevel

i.CyBle_SetTxPowerLevel
                0x00003804       0x56
 i.CyBle_SetTxPowerLevel
                0x00003804       0x56 C:\Program Files (x86)\Cypress\PSoC Creator\3.1\PSoC Creator\psoc\content\cycomponentlibrary\CyComponentLibrary.cylib\BLE_v1_20\Library\gccCyBLEStack_BLE_SOC_PERIPHERAL.a(CyBleControllerIP_Interface.o)
                0x00003804                CyBle_SetTxPowerLevel

i.ll_check_and_mark_packet_ready_for_transmission
                0x0000385c       0x28
 i.ll_check_and_mark_packet_ready_for_transmission
                0x0000385c       0x28 C:\Program Files (x86)\Cypress\PSoC Creator\3.1\PSoC Creator\psoc\content\cycomponentlibrary\CyComponentLibrary.cylib\BLE_v1_20\Library\gccCyBLEStack_BLE_SOC_PERIPHERAL.a(ll.o)
                0x0000385c                ll_check_and_mark_packet_ready_for_transmission

i.ll_cleanup_pending_data_pdu
                0x00003884       0x38
 i.ll_cleanup_pending_data_pdu
                0x00003884       0x38 C:\Program Files (x86)\Cypress\PSoC Creator\3.1\PSoC Creator\psoc\content\cycomponentlibrary\CyComponentLibrary.cylib\BLE_v1_20\Library\gccCyBLEStack_BLE_SOC_PERIPHERAL.a(ll.o)
                0x00003884                ll_cleanup_pending_data_pdu

i.ll_exit_low_power_mode
                0x000038bc       0xac
 i.ll_exit_low_power_mode
                0x000038bc       0xac C:\Program Files (x86)\Cypress\PSoC Creator\3.1\PSoC Creator\psoc\content\cycomponentlibrary\CyComponentLibrary.cylib\BLE_v1_20\Library\gccCyBLEStack_BLE_SOC_PERIPHERAL.a(ll.o)
                0x000038bc                ll_exit_low_power_mode

i.ll_get_ack_status
                0x00003968       0x3c
 i.ll_get_ack_status
                0x00003968       0x3c C:\Program Files (x86)\Cypress\PSoC Creator\3.1\PSoC Creator\psoc\content\cycomponentlibrary\CyComponentLibrary.cylib\BLE_v1_20\Library\gccCyBLEStack_BLE_SOC_PERIPHERAL.a(ll.o)
                0x00003968                ll_get_ack_status

i.ll_get_adv_ch_tx_power
                0x000039a4       0x20
 i.ll_get_adv_ch_tx_power
                0x000039a4       0x20 C:\Program Files (x86)\Cypress\PSoC Creator\3.1\PSoC Creator\psoc\content\cycomponentlibrary\CyComponentLibrary.cylib\BLE_v1_20\Library\gccCyBLEStack_BLE_SOC_PERIPHERAL.a(ll.o)
                0x000039a4                ll_get_adv_ch_tx_power

i.ll_get_data_channel_map
                0x000039c4       0x24
 i.ll_get_data_channel_map
                0x000039c4       0x24 C:\Program Files (x86)\Cypress\PSoC Creator\3.1\PSoC Creator\psoc\content\cycomponentlibrary\CyComponentLibrary.cylib\BLE_v1_20\Library\gccCyBLEStack_BLE_SOC_PERIPHERAL.a(ll.o)
                0x000039c4                ll_get_data_channel_map

i.ll_get_max_white_list_size
                0x000039e8        0xc
 i.ll_get_max_white_list_size
                0x000039e8        0xc C:\Program Files (x86)\Cypress\PSoC Creator\3.1\PSoC Creator\psoc\content\cycomponentlibrary\CyComponentLibrary.cylib\BLE_v1_20\Library\gccCyBLEStack_BLE_SOC_PERIPHERAL.a(ll.o)
                0x000039e8                ll_get_max_white_list_size

i.ll_get_my_role
                0x000039f4        0xc
 i.ll_get_my_role
                0x000039f4        0xc C:\Program Files (x86)\Cypress\PSoC Creator\3.1\PSoC Creator\psoc\content\cycomponentlibrary\CyComponentLibrary.cylib\BLE_v1_20\Library\gccCyBLEStack_BLE_SOC_PERIPHERAL.a(ll.o)
                0x000039f4                ll_get_my_role

i.ll_get_next_available_fifo_for_data_pdu
                0x00003a00        0x8
 i.ll_get_next_available_fifo_for_data_pdu
                0x00003a00        0x8 C:\Program Files (x86)\Cypress\PSoC Creator\3.1\PSoC Creator\psoc\content\cycomponentlibrary\CyComponentLibrary.cylib\BLE_v1_20\Library\gccCyBLEStack_BLE_SOC_PERIPHERAL.a(ll.o)
                0x00003a00                ll_get_next_available_fifo_for_data_pdu

i.ll_get_next_available_fifo_for_ll_pdu
                0x00003a08       0x24
 i.ll_get_next_available_fifo_for_ll_pdu
                0x00003a08       0x24 C:\Program Files (x86)\Cypress\PSoC Creator\3.1\PSoC Creator\psoc\content\cycomponentlibrary\CyComponentLibrary.cylib\BLE_v1_20\Library\gccCyBLEStack_BLE_SOC_PERIPHERAL.a(ll.o)
                0x00003a08                ll_get_next_available_fifo_for_ll_pdu

i.ll_get_rssi_value
                0x00003a2c       0x26
 i.ll_get_rssi_value
                0x00003a2c       0x26 C:\Program Files (x86)\Cypress\PSoC Creator\3.1\PSoC Creator\psoc\content\cycomponentlibrary\CyComponentLibrary.cylib\BLE_v1_20\Library\gccCyBLEStack_BLE_SOC_PERIPHERAL.a(ll.o)
                0x00003a2c                ll_get_rssi_value

i.ll_get_transmit_power_level
                0x00003a54       0x2c
 i.ll_get_transmit_power_level
                0x00003a54       0x2c C:\Program Files (x86)\Cypress\PSoC Creator\3.1\PSoC Creator\psoc\content\cycomponentlibrary\CyComponentLibrary.cylib\BLE_v1_20\Library\gccCyBLEStack_BLE_SOC_PERIPHERAL.a(ll.o)
                0x00003a54                ll_get_transmit_power_level

i.ll_handle_ack_received
                0x00003a80       0x74
 i.ll_handle_ack_received
                0x00003a80       0x74 C:\Program Files (x86)\Cypress\PSoC Creator\3.1\PSoC Creator\psoc\content\cycomponentlibrary\CyComponentLibrary.cylib\BLE_v1_20\Library\gccCyBLEStack_BLE_SOC_PERIPHERAL.a(ll.o)
                0x00003a80                ll_handle_ack_received

i.ll_handle_add_device_in_whitelist
                0x00003af4       0x3a
 i.ll_handle_add_device_in_whitelist
                0x00003af4       0x3a C:\Program Files (x86)\Cypress\PSoC Creator\3.1\PSoC Creator\psoc\content\cycomponentlibrary\CyComponentLibrary.cylib\BLE_v1_20\Library\gccCyBLEStack_BLE_SOC_PERIPHERAL.a(ll.o)
                0x00003af4                ll_handle_add_device_in_whitelist

i.ll_handle_clear_whitelist
                0x00003b2e       0x16
 i.ll_handle_clear_whitelist
                0x00003b2e       0x16 C:\Program Files (x86)\Cypress\PSoC Creator\3.1\PSoC Creator\psoc\content\cycomponentlibrary\CyComponentLibrary.cylib\BLE_v1_20\Library\gccCyBLEStack_BLE_SOC_PERIPHERAL.a(ll.o)
                0x00003b2e                ll_handle_clear_whitelist

i.ll_handle_encrypt_host_data
                0x00003b44       0x36
 i.ll_handle_encrypt_host_data
                0x00003b44       0x36 C:\Program Files (x86)\Cypress\PSoC Creator\3.1\PSoC Creator\psoc\content\cycomponentlibrary\CyComponentLibrary.cylib\BLE_v1_20\Library\gccCyBLEStack_BLE_SOC_PERIPHERAL.a(ll.o)
                0x00003b44                ll_handle_encrypt_host_data

i.ll_handle_host_data_packet
                0x00003b7a       0x54
 i.ll_handle_host_data_packet
                0x00003b7a       0x54 C:\Program Files (x86)\Cypress\PSoC Creator\3.1\PSoC Creator\psoc\content\cycomponentlibrary\CyComponentLibrary.cylib\BLE_v1_20\Library\gccCyBLEStack_BLE_SOC_PERIPHERAL.a(ll.o)
                0x00003b7a                ll_handle_host_data_packet

i.ll_handle_read_host_channel_map
                0x00003bce        0x4
 i.ll_handle_read_host_channel_map
                0x00003bce        0x4 C:\Program Files (x86)\Cypress\PSoC Creator\3.1\PSoC Creator\psoc\content\cycomponentlibrary\CyComponentLibrary.cylib\BLE_v1_20\Library\gccCyBLEStack_BLE_SOC_PERIPHERAL.a(ll.o)
                0x00003bce                ll_handle_read_host_channel_map

i.ll_handle_remove_device_in_whitelist
                0x00003bd2       0x2a
 i.ll_handle_remove_device_in_whitelist
                0x00003bd2       0x2a C:\Program Files (x86)\Cypress\PSoC Creator\3.1\PSoC Creator\psoc\content\cycomponentlibrary\CyComponentLibrary.cylib\BLE_v1_20\Library\gccCyBLEStack_BLE_SOC_PERIPHERAL.a(ll.o)
                0x00003bd2                ll_handle_remove_device_in_whitelist

i.ll_handle_reset
                0x00003bfc        0xe
 i.ll_handle_reset
                0x00003bfc        0xe C:\Program Files (x86)\Cypress\PSoC Creator\3.1\PSoC Creator\psoc\content\cycomponentlibrary\CyComponentLibrary.cylib\BLE_v1_20\Library\gccCyBLEStack_BLE_SOC_PERIPHERAL.a(ll.o)
                0x00003bfc                ll_handle_reset

i.ll_handle_set_random_address
                0x00003c0a       0x36
 i.ll_handle_set_random_address
                0x00003c0a       0x36 C:\Program Files (x86)\Cypress\PSoC Creator\3.1\PSoC Creator\psoc\content\cycomponentlibrary\CyComponentLibrary.cylib\BLE_v1_20\Library\gccCyBLEStack_BLE_SOC_PERIPHERAL.a(ll.o)
                0x00003c0a                ll_handle_set_random_address

i.ll_init       0x00003c40       0x18
 i.ll_init      0x00003c40       0x18 C:\Program Files (x86)\Cypress\PSoC Creator\3.1\PSoC Creator\psoc\content\cycomponentlibrary\CyComponentLibrary.cylib\BLE_v1_20\Library\gccCyBLEStack_BLE_SOC_PERIPHERAL.a(ll.o)
                0x00003c40                ll_init

i.ll_initialize_device_attributes
                0x00003c58       0x4c
 i.ll_initialize_device_attributes
                0x00003c58       0x4c C:\Program Files (x86)\Cypress\PSoC Creator\3.1\PSoC Creator\psoc\content\cycomponentlibrary\CyComponentLibrary.cylib\BLE_v1_20\Library\gccCyBLEStack_BLE_SOC_PERIPHERAL.a(ll.o)
                0x00003c58                ll_initialize_device_attributes

i.ll_is_pkt_pending
                0x00003ca4       0x2a
 i.ll_is_pkt_pending
                0x00003ca4       0x2a C:\Program Files (x86)\Cypress\PSoC Creator\3.1\PSoC Creator\psoc\content\cycomponentlibrary\CyComponentLibrary.cylib\BLE_v1_20\Library\gccCyBLEStack_BLE_SOC_PERIPHERAL.a(ll.o)
                0x00003ca4                ll_is_pkt_pending

i.ll_is_sent_pkt_pending
                0x00003cce       0x1a
 i.ll_is_sent_pkt_pending
                0x00003cce       0x1a C:\Program Files (x86)\Cypress\PSoC Creator\3.1\PSoC Creator\psoc\content\cycomponentlibrary\CyComponentLibrary.cylib\BLE_v1_20\Library\gccCyBLEStack_BLE_SOC_PERIPHERAL.a(ll.o)
                0x00003cce                ll_is_sent_pkt_pending

i.ll_isr_exit_low_power_mode
                0x00003ce8       0x16
 i.ll_isr_exit_low_power_mode
                0x00003ce8       0x16 C:\Program Files (x86)\Cypress\PSoC Creator\3.1\PSoC Creator\psoc\content\cycomponentlibrary\CyComponentLibrary.cylib\BLE_v1_20\Library\gccCyBLEStack_BLE_SOC_PERIPHERAL.a(ll.o)
                0x00003ce8                ll_isr_exit_low_power_mode

i.ll_load_host_data_packet
                0x00003cfe       0x4a
 i.ll_load_host_data_packet
                0x00003cfe       0x4a C:\Program Files (x86)\Cypress\PSoC Creator\3.1\PSoC Creator\psoc\content\cycomponentlibrary\CyComponentLibrary.cylib\BLE_v1_20\Library\gccCyBLEStack_BLE_SOC_PERIPHERAL.a(ll.o)
                0x00003cfe                ll_load_host_data_packet

i.ll_load_packet_to_fifo
                0x00003d48       0x6e
 i.ll_load_packet_to_fifo
                0x00003d48       0x6e C:\Program Files (x86)\Cypress\PSoC Creator\3.1\PSoC Creator\psoc\content\cycomponentlibrary\CyComponentLibrary.cylib\BLE_v1_20\Library\gccCyBLEStack_BLE_SOC_PERIPHERAL.a(ll.o)
                0x00003d48                ll_load_packet_to_fifo

i.ll_process_acks
                0x00003db6       0x3c
 i.ll_process_acks
                0x00003db6       0x3c C:\Program Files (x86)\Cypress\PSoC Creator\3.1\PSoC Creator\psoc\content\cycomponentlibrary\CyComponentLibrary.cylib\BLE_v1_20\Library\gccCyBLEStack_BLE_SOC_PERIPHERAL.a(ll.o)
                0x00003db6                ll_process_acks

i.ll_reset      0x00003df2       0x12
 i.ll_reset     0x00003df2       0x12 C:\Program Files (x86)\Cypress\PSoC Creator\3.1\PSoC Creator\psoc\content\cycomponentlibrary\CyComponentLibrary.cylib\BLE_v1_20\Library\gccCyBLEStack_BLE_SOC_PERIPHERAL.a(ll.o)
                0x00003df2                ll_reset

i.ll_update_active_features
                0x00003e04       0x58
 i.ll_update_active_features
                0x00003e04       0x58 C:\Program Files (x86)\Cypress\PSoC Creator\3.1\PSoC Creator\psoc\content\cycomponentlibrary\CyComponentLibrary.cylib\BLE_v1_20\Library\gccCyBLEStack_BLE_SOC_PERIPHERAL.a(ll.o)
                0x00003e04                ll_update_active_features

i.ll_update_device_fsm
                0x00003e5c        0x8
 i.ll_update_device_fsm
                0x00003e5c        0x8 C:\Program Files (x86)\Cypress\PSoC Creator\3.1\PSoC Creator\psoc\content\cycomponentlibrary\CyComponentLibrary.cylib\BLE_v1_20\Library\gccCyBLEStack_BLE_SOC_PERIPHERAL.a(ll.o)
                0x00003e5c                ll_update_device_fsm

i.pf_le_start_timer
                0x00003e64       0x16
 i.pf_le_start_timer
                0x00003e64       0x16 C:\Program Files (x86)\Cypress\PSoC Creator\3.1\PSoC Creator\psoc\content\cycomponentlibrary\CyComponentLibrary.cylib\BLE_v1_20\Library\gccCyBLEStack_BLE_SOC_PERIPHERAL.a(ll.o)
                0x00003e64                pf_le_start_timer

i.pf_le_stop_timer
                0x00003e7a       0x12
 i.pf_le_stop_timer
                0x00003e7a       0x12 C:\Program Files (x86)\Cypress\PSoC Creator\3.1\PSoC Creator\psoc\content\cycomponentlibrary\CyComponentLibrary.cylib\BLE_v1_20\Library\gccCyBLEStack_BLE_SOC_PERIPHERAL.a(ll.o)
                0x00003e7a                pf_le_stop_timer

i.CyBleControllerIP_TuneAdvEventInterPktSlots
                0x00003e8c       0x44
 i.CyBleControllerIP_TuneAdvEventInterPktSlots
                0x00003e8c       0x44 C:\Program Files (x86)\Cypress\PSoC Creator\3.1\PSoC Creator\psoc\content\cycomponentlibrary\CyComponentLibrary.cylib\BLE_v1_20\Library\gccCyBLEStack_BLE_SOC_PERIPHERAL.a(ll_advertiser.o)
                0x00003e8c                CyBleControllerIP_TuneAdvEventInterPktSlots

i.ll_adv_is_configured_connection_adv
                0x00003ed0       0x1e
 i.ll_adv_is_configured_connection_adv
                0x00003ed0       0x1e C:\Program Files (x86)\Cypress\PSoC Creator\3.1\PSoC Creator\psoc\content\cycomponentlibrary\CyComponentLibrary.cylib\BLE_v1_20\Library\gccCyBLEStack_BLE_SOC_PERIPHERAL.a(ll_advertiser.o)
                0x00003ed0                ll_adv_is_configured_connection_adv

i.ll_check_random_address_in_use_by_advertiser
                0x00003eee       0x10
 i.ll_check_random_address_in_use_by_advertiser
                0x00003eee       0x10 C:\Program Files (x86)\Cypress\PSoC Creator\3.1\PSoC Creator\psoc\content\cycomponentlibrary\CyComponentLibrary.cylib\BLE_v1_20\Library\gccCyBLEStack_BLE_SOC_PERIPHERAL.a(ll_advertiser.o)
                0x00003eee                ll_check_random_address_in_use_by_advertiser

i.ll_check_whitelist_in_use_by_advertiser
                0x00003efe       0x10
 i.ll_check_whitelist_in_use_by_advertiser
                0x00003efe       0x10 C:\Program Files (x86)\Cypress\PSoC Creator\3.1\PSoC Creator\psoc\content\cycomponentlibrary\CyComponentLibrary.cylib\BLE_v1_20\Library\gccCyBLEStack_BLE_SOC_PERIPHERAL.a(ll_advertiser.o)
                0x00003efe                ll_check_whitelist_in_use_by_advertiser

i.ll_get_adv_status
                0x00003f0e        0xc
 i.ll_get_adv_status
                0x00003f0e        0xc C:\Program Files (x86)\Cypress\PSoC Creator\3.1\PSoC Creator\psoc\content\cycomponentlibrary\CyComponentLibrary.cylib\BLE_v1_20\Library\gccCyBLEStack_BLE_SOC_PERIPHERAL.a(ll_advertiser.o)
                0x00003f0e                ll_get_adv_status

i.ll_get_adv_type
                0x00003f1a       0x16
 i.ll_get_adv_type
                0x00003f1a       0x16 C:\Program Files (x86)\Cypress\PSoC Creator\3.1\PSoC Creator\psoc\content\cycomponentlibrary\CyComponentLibrary.cylib\BLE_v1_20\Library\gccCyBLEStack_BLE_SOC_PERIPHERAL.a(ll_advertiser.o)
                0x00003f1a                ll_get_adv_type

i.ll_handle_adv_intr
                0x00003f30       0x50
 i.ll_handle_adv_intr
                0x00003f30       0x50 C:\Program Files (x86)\Cypress\PSoC Creator\3.1\PSoC Creator\psoc\content\cycomponentlibrary\CyComponentLibrary.cylib\BLE_v1_20\Library\gccCyBLEStack_BLE_SOC_PERIPHERAL.a(ll_advertiser.o)
                0x00003f30                ll_handle_adv_intr

i.ll_handle_set_adv_data
                0x00003f80       0x14
 i.ll_handle_set_adv_data
                0x00003f80       0x14 C:\Program Files (x86)\Cypress\PSoC Creator\3.1\PSoC Creator\psoc\content\cycomponentlibrary\CyComponentLibrary.cylib\BLE_v1_20\Library\gccCyBLEStack_BLE_SOC_PERIPHERAL.a(ll_advertiser.o)
                0x00003f80                ll_handle_set_adv_data

i.ll_handle_set_adv_parameters
                0x00003f94       0x84
 i.ll_handle_set_adv_parameters
                0x00003f94       0x84 C:\Program Files (x86)\Cypress\PSoC Creator\3.1\PSoC Creator\psoc\content\cycomponentlibrary\CyComponentLibrary.cylib\BLE_v1_20\Library\gccCyBLEStack_BLE_SOC_PERIPHERAL.a(ll_advertiser.o)
                0x00003f94                ll_handle_set_adv_parameters

i.ll_handle_set_advertise_enable
                0x00004018       0x70
 i.ll_handle_set_advertise_enable
                0x00004018       0x70 C:\Program Files (x86)\Cypress\PSoC Creator\3.1\PSoC Creator\psoc\content\cycomponentlibrary\CyComponentLibrary.cylib\BLE_v1_20\Library\gccCyBLEStack_BLE_SOC_PERIPHERAL.a(ll_advertiser.o)
                0x00004018                ll_handle_set_advertise_enable

i.ll_handle_set_scan_resp_data
                0x00004088       0x14
 i.ll_handle_set_scan_resp_data
                0x00004088       0x14 C:\Program Files (x86)\Cypress\PSoC Creator\3.1\PSoC Creator\psoc\content\cycomponentlibrary\CyComponentLibrary.cylib\BLE_v1_20\Library\gccCyBLEStack_BLE_SOC_PERIPHERAL.a(ll_advertiser.o)
                0x00004088                ll_handle_set_scan_resp_data

i.ll_init_advertiser
                0x0000409c       0x68
 i.ll_init_advertiser
                0x0000409c       0x68 C:\Program Files (x86)\Cypress\PSoC Creator\3.1\PSoC Creator\psoc\content\cycomponentlibrary\CyComponentLibrary.cylib\BLE_v1_20\Library\gccCyBLEStack_BLE_SOC_PERIPHERAL.a(ll_advertiser.o)
                0x0000409c                ll_init_advertiser

i.is_le_connection_handle
                0x00004104       0x28
 i.is_le_connection_handle
                0x00004104       0x28 C:\Program Files (x86)\Cypress\PSoC Creator\3.1\PSoC Creator\psoc\content\cycomponentlibrary\CyComponentLibrary.cylib\BLE_v1_20\Library\gccCyBLEStack_BLE_SOC_PERIPHERAL.a(ll_connection.o)
                0x00004104                is_le_connection_handle

i.le_assign_connection_handle
                0x0000412c       0x28
 i.le_assign_connection_handle
                0x0000412c       0x28 C:\Program Files (x86)\Cypress\PSoC Creator\3.1\PSoC Creator\psoc\content\cycomponentlibrary\CyComponentLibrary.cylib\BLE_v1_20\Library\gccCyBLEStack_BLE_SOC_PERIPHERAL.a(ll_connection.o)
                0x0000412c                le_assign_connection_handle

i.le_get_connection_index
                0x00004154        0x6
 i.le_get_connection_index
                0x00004154        0x6 C:\Program Files (x86)\Cypress\PSoC Creator\3.1\PSoC Creator\psoc\content\cycomponentlibrary\CyComponentLibrary.cylib\BLE_v1_20\Library\gccCyBLEStack_BLE_SOC_PERIPHERAL.a(ll_connection.o)
                0x00004154                le_get_connection_index

i.ll_allocate_connection
                0x0000415c       0x44
 i.ll_allocate_connection
                0x0000415c       0x44 C:\Program Files (x86)\Cypress\PSoC Creator\3.1\PSoC Creator\psoc\content\cycomponentlibrary\CyComponentLibrary.cylib\BLE_v1_20\Library\gccCyBLEStack_BLE_SOC_PERIPHERAL.a(ll_connection.o)
                0x0000415c                ll_allocate_connection

i.ll_calculate_and_program_def_win_widen_drift
                0x000041a0       0x14
 i.ll_calculate_and_program_def_win_widen_drift
                0x000041a0       0x14 C:\Program Files (x86)\Cypress\PSoC Creator\3.1\PSoC Creator\psoc\content\cycomponentlibrary\CyComponentLibrary.cylib\BLE_v1_20\Library\gccCyBLEStack_BLE_SOC_PERIPHERAL.a(ll_connection.o)
                0x000041a0                ll_calculate_and_program_def_win_widen_drift

i.ll_calculate_drift
                0x000041b4       0x2c
 i.ll_calculate_drift
                0x000041b4       0x2c C:\Program Files (x86)\Cypress\PSoC Creator\3.1\PSoC Creator\psoc\content\cycomponentlibrary\CyComponentLibrary.cylib\BLE_v1_20\Library\gccCyBLEStack_BLE_SOC_PERIPHERAL.a(ll_connection.o)
                0x000041b4                ll_calculate_drift

i.ll_check_and_decrypt_ll_pdu
                0x000041e0       0x68
 i.ll_check_and_decrypt_ll_pdu
                0x000041e0       0x68 C:\Program Files (x86)\Cypress\PSoC Creator\3.1\PSoC Creator\psoc\content\cycomponentlibrary\CyComponentLibrary.cylib\BLE_v1_20\Library\gccCyBLEStack_BLE_SOC_PERIPHERAL.a(ll_connection.o)
                0x000041e0                ll_check_and_decrypt_ll_pdu

i.ll_check_and_decrypt_packet
                0x00004248       0x6a
 i.ll_check_and_decrypt_packet
                0x00004248       0x6a C:\Program Files (x86)\Cypress\PSoC Creator\3.1\PSoC Creator\psoc\content\cycomponentlibrary\CyComponentLibrary.cylib\BLE_v1_20\Library\gccCyBLEStack_BLE_SOC_PERIPHERAL.a(ll_connection.o)
                0x00004248                ll_check_and_decrypt_packet

i.ll_check_and_encrypt_ll_pdu
                0x000042b2       0x72
 i.ll_check_and_encrypt_ll_pdu
                0x000042b2       0x72 C:\Program Files (x86)\Cypress\PSoC Creator\3.1\PSoC Creator\psoc\content\cycomponentlibrary\CyComponentLibrary.cylib\BLE_v1_20\Library\gccCyBLEStack_BLE_SOC_PERIPHERAL.a(ll_connection.o)
                0x000042b2                ll_check_and_encrypt_ll_pdu

i.ll_check_and_encrypt_packet
                0x00004324       0x8a
 i.ll_check_and_encrypt_packet
                0x00004324       0x8a C:\Program Files (x86)\Cypress\PSoC Creator\3.1\PSoC Creator\psoc\content\cycomponentlibrary\CyComponentLibrary.cylib\BLE_v1_20\Library\gccCyBLEStack_BLE_SOC_PERIPHERAL.a(ll_connection.o)
                0x00004324                ll_check_and_encrypt_packet

i.ll_check_for_allowing_incoming_connection_update
                0x000043ae       0x42
 i.ll_check_for_allowing_incoming_connection_update
                0x000043ae       0x42 C:\Program Files (x86)\Cypress\PSoC Creator\3.1\PSoC Creator\psoc\content\cycomponentlibrary\CyComponentLibrary.cylib\BLE_v1_20\Library\gccCyBLEStack_BLE_SOC_PERIPHERAL.a(ll_connection.o)
                0x000043ae                ll_check_for_allowing_incoming_connection_update

i.ll_check_if_pdu_is_loaded_to_hardware
                0x000043f0       0x1c
 i.ll_check_if_pdu_is_loaded_to_hardware
                0x000043f0       0x1c C:\Program Files (x86)\Cypress\PSoC Creator\3.1\PSoC Creator\psoc\content\cycomponentlibrary\CyComponentLibrary.cylib\BLE_v1_20\Library\gccCyBLEStack_BLE_SOC_PERIPHERAL.a(ll_connection.o)
                0x000043f0                ll_check_if_pdu_is_loaded_to_hardware

i.ll_check_random_address_in_use_by_initiator
                0x0000440c       0x30
 i.ll_check_random_address_in_use_by_initiator
                0x0000440c       0x30 C:\Program Files (x86)\Cypress\PSoC Creator\3.1\PSoC Creator\psoc\content\cycomponentlibrary\CyComponentLibrary.cylib\BLE_v1_20\Library\gccCyBLEStack_BLE_SOC_PERIPHERAL.a(ll_connection.o)
                0x0000440c                ll_check_random_address_in_use_by_initiator

i.ll_check_white_list_in_use_by_initiator
                0x0000443c       0x30
 i.ll_check_white_list_in_use_by_initiator
                0x0000443c       0x30 C:\Program Files (x86)\Cypress\PSoC Creator\3.1\PSoC Creator\psoc\content\cycomponentlibrary\CyComponentLibrary.cylib\BLE_v1_20\Library\gccCyBLEStack_BLE_SOC_PERIPHERAL.a(ll_connection.o)
                0x0000443c                ll_check_white_list_in_use_by_initiator

i.ll_conn_free_enc_txn_buffer
                0x0000446c       0x16
 i.ll_conn_free_enc_txn_buffer
                0x0000446c       0x16 C:\Program Files (x86)\Cypress\PSoC Creator\3.1\PSoC Creator\psoc\content\cycomponentlibrary\CyComponentLibrary.cylib\BLE_v1_20\Library\gccCyBLEStack_BLE_SOC_PERIPHERAL.a(ll_connection.o)
                0x0000446c                ll_conn_free_enc_txn_buffer

i.ll_conn_fsm_update_channel_state
                0x00004482        0x6
 i.ll_conn_fsm_update_channel_state
                0x00004482        0x6 C:\Program Files (x86)\Cypress\PSoC Creator\3.1\PSoC Creator\psoc\content\cycomponentlibrary\CyComponentLibrary.cylib\BLE_v1_20\Library\gccCyBLEStack_BLE_SOC_PERIPHERAL.a(ll_connection.o)
                0x00004482                ll_conn_fsm_update_channel_state

i.ll_conn_fsm_update_conn_update_state
                0x00004488        0x6
 i.ll_conn_fsm_update_conn_update_state
                0x00004488        0x6 C:\Program Files (x86)\Cypress\PSoC Creator\3.1\PSoC Creator\psoc\content\cycomponentlibrary\CyComponentLibrary.cylib\BLE_v1_20\Library\gccCyBLEStack_BLE_SOC_PERIPHERAL.a(ll_connection.o)
                0x00004488                ll_conn_fsm_update_conn_update_state

i.ll_conn_fsm_update_enc_state
                0x0000448e        0x6
 i.ll_conn_fsm_update_enc_state
                0x0000448e        0x6 C:\Program Files (x86)\Cypress\PSoC Creator\3.1\PSoC Creator\psoc\content\cycomponentlibrary\CyComponentLibrary.cylib\BLE_v1_20\Library\gccCyBLEStack_BLE_SOC_PERIPHERAL.a(ll_connection.o)
                0x0000448e                ll_conn_fsm_update_enc_state

i.ll_conn_fsm_update_state
                0x00004494        0x4
 i.ll_conn_fsm_update_state
                0x00004494        0x4 C:\Program Files (x86)\Cypress\PSoC Creator\3.1\PSoC Creator\psoc\content\cycomponentlibrary\CyComponentLibrary.cylib\BLE_v1_20\Library\gccCyBLEStack_BLE_SOC_PERIPHERAL.a(ll_connection.o)
                0x00004494                ll_conn_fsm_update_state

i.ll_conn_handle_data_pdu_from_host_when_data_paused
                0x00004498        0x8
 i.ll_conn_handle_data_pdu_from_host_when_data_paused
                0x00004498        0x8 C:\Program Files (x86)\Cypress\PSoC Creator\3.1\PSoC Creator\psoc\content\cycomponentlibrary\CyComponentLibrary.cylib\BLE_v1_20\Library\gccCyBLEStack_BLE_SOC_PERIPHERAL.a(ll_connection.o)
                0x00004498                ll_conn_handle_data_pdu_from_host_when_data_paused

i.ll_conn_handle_direct_adv_timeout
                0x000044a0       0x2a
 i.ll_conn_handle_direct_adv_timeout
                0x000044a0       0x2a C:\Program Files (x86)\Cypress\PSoC Creator\3.1\PSoC Creator\psoc\content\cycomponentlibrary\CyComponentLibrary.cylib\BLE_v1_20\Library\gccCyBLEStack_BLE_SOC_PERIPHERAL.a(ll_connection.o)
                0x000044a0                ll_conn_handle_direct_adv_timeout

i.ll_conn_handle_ping_timer_expired_interrupt
                0x000044cc       0x1c
 i.ll_conn_handle_ping_timer_expired_interrupt
                0x000044cc       0x1c C:\Program Files (x86)\Cypress\PSoC Creator\3.1\PSoC Creator\psoc\content\cycomponentlibrary\CyComponentLibrary.cylib\BLE_v1_20\Library\gccCyBLEStack_BLE_SOC_PERIPHERAL.a(ll_connection.o)
                0x000044cc                ll_conn_handle_ping_timer_expired_interrupt

i.ll_conn_handle_ping_timer_nearly_expired_interrupt
                0x000044e8       0x20
 i.ll_conn_handle_ping_timer_nearly_expired_interrupt
                0x000044e8       0x20 C:\Program Files (x86)\Cypress\PSoC Creator\3.1\PSoC Creator\psoc\content\cycomponentlibrary\CyComponentLibrary.cylib\BLE_v1_20\Library\gccCyBLEStack_BLE_SOC_PERIPHERAL.a(ll_connection.o)
                0x000044e8                ll_conn_handle_ping_timer_nearly_expired_interrupt

i.ll_conn_handle_stop_connectable_adv
                0x00004508       0x12
 i.ll_conn_handle_stop_connectable_adv
                0x00004508       0x12 C:\Program Files (x86)\Cypress\PSoC Creator\3.1\PSoC Creator\psoc\content\cycomponentlibrary\CyComponentLibrary.cylib\BLE_v1_20\Library\gccCyBLEStack_BLE_SOC_PERIPHERAL.a(ll_connection.o)
                0x00004508                ll_conn_handle_stop_connectable_adv

i.ll_conn_process_pending_transactions
                0x0000451a        0x4
 i.ll_conn_process_pending_transactions
                0x0000451a        0x4 C:\Program Files (x86)\Cypress\PSoC Creator\3.1\PSoC Creator\psoc\content\cycomponentlibrary\CyComponentLibrary.cylib\BLE_v1_20\Library\gccCyBLEStack_BLE_SOC_PERIPHERAL.a(ll_connection.o)
                0x0000451a                ll_conn_process_pending_transactions

i.ll_conn_program_authenticated_payload_timer
                0x00004520       0x50
 i.ll_conn_program_authenticated_payload_timer
                0x00004520       0x50 C:\Program Files (x86)\Cypress\PSoC Creator\3.1\PSoC Creator\psoc\content\cycomponentlibrary\CyComponentLibrary.cylib\BLE_v1_20\Library\gccCyBLEStack_BLE_SOC_PERIPHERAL.a(ll_connection.o)
                0x00004520                ll_conn_program_authenticated_payload_timer

i.ll_conn_read_data_pdu_from_hardware
                0x00004570       0x14
 i.ll_conn_read_data_pdu_from_hardware
                0x00004570       0x14 C:\Program Files (x86)\Cypress\PSoC Creator\3.1\PSoC Creator\psoc\content\cycomponentlibrary\CyComponentLibrary.cylib\BLE_v1_20\Library\gccCyBLEStack_BLE_SOC_PERIPHERAL.a(ll_connection.o)
                0x00004570                ll_conn_read_data_pdu_from_hardware

i.ll_conn_send_ping_req_pdu
                0x00004584       0x40
 i.ll_conn_send_ping_req_pdu
                0x00004584       0x40 C:\Program Files (x86)\Cypress\PSoC Creator\3.1\PSoC Creator\psoc\content\cycomponentlibrary\CyComponentLibrary.cylib\BLE_v1_20\Library\gccCyBLEStack_BLE_SOC_PERIPHERAL.a(ll_connection.o)
                0x00004584                ll_conn_send_ping_req_pdu

i.ll_conn_store_pending_tx_pdu
                0x000045c4       0x1a
 i.ll_conn_store_pending_tx_pdu
                0x000045c4       0x1a C:\Program Files (x86)\Cypress\PSoC Creator\3.1\PSoC Creator\psoc\content\cycomponentlibrary\CyComponentLibrary.cylib\BLE_v1_20\Library\gccCyBLEStack_BLE_SOC_PERIPHERAL.a(ll_connection.o)
                0x000045c4                ll_conn_store_pending_tx_pdu

i.ll_conn_update_rssi
                0x000045de       0x16
 i.ll_conn_update_rssi
                0x000045de       0x16 C:\Program Files (x86)\Cypress\PSoC Creator\3.1\PSoC Creator\psoc\content\cycomponentlibrary\CyComponentLibrary.cylib\BLE_v1_20\Library\gccCyBLEStack_BLE_SOC_PERIPHERAL.a(ll_connection.o)
                0x000045de                ll_conn_update_rssi

i.ll_convert_hci_llid_to_ll_llid_host_to_controller
                0x000045f4        0x8
 i.ll_convert_hci_llid_to_ll_llid_host_to_controller
                0x000045f4        0x8 C:\Program Files (x86)\Cypress\PSoC Creator\3.1\PSoC Creator\psoc\content\cycomponentlibrary\CyComponentLibrary.cylib\BLE_v1_20\Library\gccCyBLEStack_BLE_SOC_PERIPHERAL.a(ll_connection.o)
                0x000045f4                ll_convert_hci_llid_to_ll_llid_host_to_controller

i.ll_convert_ll_llid_to_hci_llid_controller_to_host
                0x000045fc        0x2
 i.ll_convert_ll_llid_to_hci_llid_controller_to_host
                0x000045fc        0x2 C:\Program Files (x86)\Cypress\PSoC Creator\3.1\PSoC Creator\psoc\content\cycomponentlibrary\CyComponentLibrary.cylib\BLE_v1_20\Library\gccCyBLEStack_BLE_SOC_PERIPHERAL.a(ll_connection.o)
                0x000045fc                ll_convert_ll_llid_to_hci_llid_controller_to_host

i.ll_decode_and_program_connect_req
                0x00004600       0xec
 i.ll_decode_and_program_connect_req
                0x00004600       0xec C:\Program Files (x86)\Cypress\PSoC Creator\3.1\PSoC Creator\psoc\content\cycomponentlibrary\CyComponentLibrary.cylib\BLE_v1_20\Library\gccCyBLEStack_BLE_SOC_PERIPHERAL.a(ll_connection.o)
                0x00004600                ll_decode_and_program_connect_req

i.ll_enc_fsm_derive_session_key
                0x000046ec       0x46
 i.ll_enc_fsm_derive_session_key
                0x000046ec       0x46 C:\Program Files (x86)\Cypress\PSoC Creator\3.1\PSoC Creator\psoc\content\cycomponentlibrary\CyComponentLibrary.cylib\BLE_v1_20\Library\gccCyBLEStack_BLE_SOC_PERIPHERAL.a(ll_connection.o)
                0x000046ec                ll_enc_fsm_derive_session_key

i.ll_enc_handle_enc_complete
                0x00004732       0x68
 i.ll_enc_handle_enc_complete
                0x00004732       0x68 C:\Program Files (x86)\Cypress\PSoC Creator\3.1\PSoC Creator\psoc\content\cycomponentlibrary\CyComponentLibrary.cylib\BLE_v1_20\Library\gccCyBLEStack_BLE_SOC_PERIPHERAL.a(ll_connection.o)
                0x00004732                ll_enc_handle_enc_complete

i.ll_enc_handle_enc_failure
                0x0000479c       0xa4
 i.ll_enc_handle_enc_failure
                0x0000479c       0xa4 C:\Program Files (x86)\Cypress\PSoC Creator\3.1\PSoC Creator\psoc\content\cycomponentlibrary\CyComponentLibrary.cylib\BLE_v1_20\Library\gccCyBLEStack_BLE_SOC_PERIPHERAL.a(ll_connection.o)
                0x0000479c                ll_enc_handle_enc_failure

i.ll_enc_handle_ll_reject_pdu_cb
                0x00004840       0x24
 i.ll_enc_handle_ll_reject_pdu_cb
                0x00004840       0x24 C:\Program Files (x86)\Cypress\PSoC Creator\3.1\PSoC Creator\psoc\content\cycomponentlibrary\CyComponentLibrary.cylib\BLE_v1_20\Library\gccCyBLEStack_BLE_SOC_PERIPHERAL.a(ll_connection.o)
                0x00004840                ll_enc_handle_ll_reject_pdu_cb

i.ll_enc_handle_ll_terminate_pdu
                0x00004864       0x16
 i.ll_enc_handle_ll_terminate_pdu
                0x00004864       0x16 C:\Program Files (x86)\Cypress\PSoC Creator\3.1\PSoC Creator\psoc\content\cycomponentlibrary\CyComponentLibrary.cylib\BLE_v1_20\Library\gccCyBLEStack_BLE_SOC_PERIPHERAL.a(ll_connection.o)
                0x00004864                ll_enc_handle_ll_terminate_pdu

i.ll_enc_handle_ll_unknown_resp_pdu_cb
                0x0000487a       0x24
 i.ll_enc_handle_ll_unknown_resp_pdu_cb
                0x0000487a       0x24 C:\Program Files (x86)\Cypress\PSoC Creator\3.1\PSoC Creator\psoc\content\cycomponentlibrary\CyComponentLibrary.cylib\BLE_v1_20\Library\gccCyBLEStack_BLE_SOC_PERIPHERAL.a(ll_connection.o)
                0x0000487a                ll_enc_handle_ll_unknown_resp_pdu_cb

i.ll_enc_handle_slave_await_to_start_cb
                0x000048a0       0x80
 i.ll_enc_handle_slave_await_to_start_cb
                0x000048a0       0x80 C:\Program Files (x86)\Cypress\PSoC Creator\3.1\PSoC Creator\psoc\content\cycomponentlibrary\CyComponentLibrary.cylib\BLE_v1_20\Library\gccCyBLEStack_BLE_SOC_PERIPHERAL.a(ll_connection.o)
                0x000048a0                ll_enc_handle_slave_await_to_start_cb

i.ll_enc_handle_slave_enc_resp_ack_cb
                0x00004920       0x28
 i.ll_enc_handle_slave_enc_resp_ack_cb